Archive member included to satisfy reference by file (symbol)

C:/Toolchain/arm-gnu-toolchain-14.2.rel1-mingw-w64-i686-arm-none-eabi/bin/../lib/gcc/arm-none-eabi/14.2.1/thumb/v7-m/nofp\libm.a(libm_a-sf_cos.o)
                              CMakeFiles/STM_Link.dir/Source/Src/sys.cpp.obj (cosf)
C:/Toolchain/arm-gnu-toolchain-14.2.rel1-mingw-w64-i686-arm-none-eabi/bin/../lib/gcc/arm-none-eabi/14.2.1/thumb/v7-m/nofp\libm.a(libm_a-sf_sin.o)
                              CMakeFiles/STM_Link.dir/Source/Src/xx.c.obj (sinf)
C:/Toolchain/arm-gnu-toolchain-14.2.rel1-mingw-w64-i686-arm-none-eabi/bin/../lib/gcc/arm-none-eabi/14.2.1/thumb/v7-m/nofp\libm.a(libm_a-kf_cos.o)
                              C:/Toolchain/arm-gnu-toolchain-14.2.rel1-mingw-w64-i686-arm-none-eabi/bin/../lib/gcc/arm-none-eabi/14.2.1/thumb/v7-m/nofp\libm.a(libm_a-sf_cos.o) (__kernel_cosf)
C:/Toolchain/arm-gnu-toolchain-14.2.rel1-mingw-w64-i686-arm-none-eabi/bin/../lib/gcc/arm-none-eabi/14.2.1/thumb/v7-m/nofp\libm.a(libm_a-kf_sin.o)
                              C:/Toolchain/arm-gnu-toolchain-14.2.rel1-mingw-w64-i686-arm-none-eabi/bin/../lib/gcc/arm-none-eabi/14.2.1/thumb/v7-m/nofp\libm.a(libm_a-sf_cos.o) (__kernel_sinf)
C:/Toolchain/arm-gnu-toolchain-14.2.rel1-mingw-w64-i686-arm-none-eabi/bin/../lib/gcc/arm-none-eabi/14.2.1/thumb/v7-m/nofp\libm.a(libm_a-ef_rem_pio2.o)
                              C:/Toolchain/arm-gnu-toolchain-14.2.rel1-mingw-w64-i686-arm-none-eabi/bin/../lib/gcc/arm-none-eabi/14.2.1/thumb/v7-m/nofp\libm.a(libm_a-sf_cos.o) (__ieee754_rem_pio2f)
C:/Toolchain/arm-gnu-toolchain-14.2.rel1-mingw-w64-i686-arm-none-eabi/bin/../lib/gcc/arm-none-eabi/14.2.1/thumb/v7-m/nofp\libm.a(libm_a-sf_fabs.o)
                              C:/Toolchain/arm-gnu-toolchain-14.2.rel1-mingw-w64-i686-arm-none-eabi/bin/../lib/gcc/arm-none-eabi/14.2.1/thumb/v7-m/nofp\libm.a(libm_a-ef_rem_pio2.o) (fabsf)
C:/Toolchain/arm-gnu-toolchain-14.2.rel1-mingw-w64-i686-arm-none-eabi/bin/../lib/gcc/arm-none-eabi/14.2.1/thumb/v7-m/nofp\libm.a(libm_a-kf_rem_pio2.o)
                              C:/Toolchain/arm-gnu-toolchain-14.2.rel1-mingw-w64-i686-arm-none-eabi/bin/../lib/gcc/arm-none-eabi/14.2.1/thumb/v7-m/nofp\libm.a(libm_a-ef_rem_pio2.o) (__kernel_rem_pio2f)
C:/Toolchain/arm-gnu-toolchain-14.2.rel1-mingw-w64-i686-arm-none-eabi/bin/../lib/gcc/arm-none-eabi/14.2.1/thumb/v7-m/nofp\libm.a(libm_a-sf_scalbn.o)
                              C:/Toolchain/arm-gnu-toolchain-14.2.rel1-mingw-w64-i686-arm-none-eabi/bin/../lib/gcc/arm-none-eabi/14.2.1/thumb/v7-m/nofp\libm.a(libm_a-kf_rem_pio2.o) (scalbnf)
C:/Toolchain/arm-gnu-toolchain-14.2.rel1-mingw-w64-i686-arm-none-eabi/bin/../lib/gcc/arm-none-eabi/14.2.1/thumb/v7-m/nofp\libm.a(libm_a-sf_floor.o)
                              C:/Toolchain/arm-gnu-toolchain-14.2.rel1-mingw-w64-i686-arm-none-eabi/bin/../lib/gcc/arm-none-eabi/14.2.1/thumb/v7-m/nofp\libm.a(libm_a-kf_rem_pio2.o) (floorf)
C:/Toolchain/arm-gnu-toolchain-14.2.rel1-mingw-w64-i686-arm-none-eabi/bin/../lib/gcc/arm-none-eabi/14.2.1/thumb/v7-m/nofp\libc_nano.a(libc_a-exit.o)
                              C:/Toolchain/arm-gnu-toolchain-14.2.rel1-mingw-w64-i686-arm-none-eabi/bin/../lib/gcc/arm-none-eabi/14.2.1/thumb/v7-m/nofp/crt0.o (exit)
C:/Toolchain/arm-gnu-toolchain-14.2.rel1-mingw-w64-i686-arm-none-eabi/bin/../lib/gcc/arm-none-eabi/14.2.1/thumb/v7-m/nofp\libc_nano.a(libc_a-findfp.o)
                              C:/Toolchain/arm-gnu-toolchain-14.2.rel1-mingw-w64-i686-arm-none-eabi/bin/../lib/gcc/arm-none-eabi/14.2.1/thumb/v7-m/nofp\libc_nano.a(libc_a-exit.o) (__stdio_exit_handler)
C:/Toolchain/arm-gnu-toolchain-14.2.rel1-mingw-w64-i686-arm-none-eabi/bin/../lib/gcc/arm-none-eabi/14.2.1/thumb/v7-m/nofp\libc_nano.a(libc_a-fwalk.o)
                              C:/Toolchain/arm-gnu-toolchain-14.2.rel1-mingw-w64-i686-arm-none-eabi/bin/../lib/gcc/arm-none-eabi/14.2.1/thumb/v7-m/nofp\libc_nano.a(libc_a-findfp.o) (_fwalk_sglue)
C:/Toolchain/arm-gnu-toolchain-14.2.rel1-mingw-w64-i686-arm-none-eabi/bin/../lib/gcc/arm-none-eabi/14.2.1/thumb/v7-m/nofp\libc_nano.a(libc_a-stdio.o)
                              C:/Toolchain/arm-gnu-toolchain-14.2.rel1-mingw-w64-i686-arm-none-eabi/bin/../lib/gcc/arm-none-eabi/14.2.1/thumb/v7-m/nofp\libc_nano.a(libc_a-findfp.o) (__sread)
C:/Toolchain/arm-gnu-toolchain-14.2.rel1-mingw-w64-i686-arm-none-eabi/bin/../lib/gcc/arm-none-eabi/14.2.1/thumb/v7-m/nofp\libc_nano.a(libc_a-memset.o)
                              C:/Toolchain/arm-gnu-toolchain-14.2.rel1-mingw-w64-i686-arm-none-eabi/bin/../lib/gcc/arm-none-eabi/14.2.1/thumb/v7-m/nofp/crt0.o (memset)
C:/Toolchain/arm-gnu-toolchain-14.2.rel1-mingw-w64-i686-arm-none-eabi/bin/../lib/gcc/arm-none-eabi/14.2.1/thumb/v7-m/nofp\libc_nano.a(libc_a-closer.o)
                              C:/Toolchain/arm-gnu-toolchain-14.2.rel1-mingw-w64-i686-arm-none-eabi/bin/../lib/gcc/arm-none-eabi/14.2.1/thumb/v7-m/nofp\libc_nano.a(libc_a-stdio.o) (_close_r)
[...]
Memory Configuration

Name             Origin             Length             Attributes
RAM              0x20000000         0x00005000         xrw
FLASH            0x08000000         0x00010000         xr
*default*        0x00000000         0xffffffff

Linker script and memory map

LOAD C:/Toolchain/arm-gnu-toolchain-14.2.rel1-mingw-w64-i686-arm-none-eabi/bin/../lib/gcc/arm-none-eabi/14.2.1/thumb/v7-m/nofp/crti.o
LOAD C:/Toolchain/arm-gnu-toolchain-14.2.rel1-mingw-w64-i686-arm-none-eabi/bin/../lib/gcc/arm-none-eabi/14.2.1/thumb/v7-m/nofp/crtbegin.o
LOAD C:/Toolchain/arm-gnu-toolchain-14.2.rel1-mingw-w64-i686-arm-none-eabi/bin/../lib/gcc/arm-none-eabi/14.2.1/thumb/v7-m/nofp/crt0.o
START GROUP
END GROUP
START GROUP
LOAD C:/Toolchain/arm-gnu-toolchain-14.2.rel1-mingw-w64-i686-arm-none-eabi/bin/../lib/gcc/arm-none-eabi/14.2.1/thumb/v7-m/nofp\libstdc++_nano.a
LOAD C:/Toolchain/arm-gnu-toolchain-14.2.rel1-mingw-w64-i686-arm-none-eabi/bin/../lib/gcc/arm-none-eabi/14.2.1/thumb/v7-m/nofp\libsupc++_nano.a
END GROUP
LOAD cmake/stm32cubemx/CMakeFiles/STM32_Drivers.dir/__/__/Core/Src/system_stm32f1xx.c.obj
LOAD cmake/stm32cubemx/CMakeFiles/STM32_Drivers.dir/__/__/Drivers/STM32F1xx_HAL_Driver/Src/stm32f1xx_hal_gpio_ex.c.obj
LOAD cmake/stm32cubemx/CMakeFiles/STM32_Drivers.dir/__/__/Drivers/STM32F1xx_HAL_Driver/Src/stm32f1xx_hal_pcd.c.obj
LOAD cmake/stm32cubemx/CMakeFiles/STM32_Drivers.dir/__/__/Drivers/STM32F1xx_HAL_Driver/Src/stm32f1xx_hal_pcd_ex.c.obj
LOAD cmake/stm32cubemx/CMakeFiles/STM32_Drivers.dir/__/__/Drivers/STM32F1xx_HAL_Driver/Src/stm32f1xx_ll_usb.c.obj
LOAD cmake/stm32cubemx/CMakeFiles/STM32_Drivers.dir/__/__/Drivers/STM32F1xx_HAL_Driver/Src/stm32f1xx_hal.c.obj
LOAD cmake/stm32cubemx/CMakeFiles/STM32_Drivers.dir/__/__/Drivers/STM32F1xx_HAL_Driver/Src/stm32f1xx_hal_rcc.c.obj
LOAD cmake/stm32cubemx/CMakeFiles/STM32_Drivers.dir/__/__/Drivers/STM32F1xx_HAL_Driver/Src/stm32f1xx_hal_rcc_ex.c.obj
LOAD cmake/stm32cubemx/CMakeFiles/STM32_Drivers.dir/__/__/Drivers/STM32F1xx_HAL_Driver/Src/stm32f1xx_hal_gpio.c.obj
LOAD cmake/stm32cubemx/CMakeFiles/STM32_Drivers.dir/__/__/Drivers/STM32F1xx_HAL_Driver/Src/stm32f1xx_hal_dma.c.obj
LOAD cmake/stm32cubemx/CMakeFiles/STM32_Drivers.dir/__/__/Drivers/STM32F1xx_HAL_Driver/Src/stm32f1xx_hal_cortex.c.obj
LOAD cmake/stm32cubemx/CMakeFiles/STM32_Drivers.dir/__/__/Drivers/STM32F1xx_HAL_Driver/Src/stm32f1xx_hal_pwr.c.obj
LOAD cmake/stm32cubemx/CMakeFiles/STM32_Drivers.dir/__/__/Drivers/STM32F1xx_HAL_Driver/Src/stm32f1xx_hal_flash.c.obj
LOAD cmake/stm32cubemx/CMakeFiles/STM32_Drivers.dir/__/__/Drivers/STM32F1xx_HAL_Driver/Src/stm32f1xx_hal_flash_ex.c.obj
LOAD cmake/stm32cubemx/CMakeFiles/STM32_Drivers.dir/__/__/Drivers/STM32F1xx_HAL_Driver/Src/stm32f1xx_hal_exti.c.obj
LOAD cmake/stm32cubemx/CMakeFiles/USB_Device_Library.dir/__/__/Middlewares/ST/STM32_USB_Device_Library/Core/Src/usbd_core.c.obj
LOAD cmake/stm32cubemx/CMakeFiles/USB_Device_Library.dir/__/__/Middlewares/ST/STM32_USB_Device_Library/Core/Src/usbd_ctlreq.c.obj
LOAD cmake/stm32cubemx/CMakeFiles/USB_Device_Library.dir/__/__/Middlewares/ST/STM32_USB_Device_Library/Core/Src/usbd_ioreq.c.obj
LOAD cmake/stm32cubemx/CMakeFiles/USB_Device_Library.dir/__/__/Middlewares/ST/STM32_USB_Device_Library/Class/CDC/Src/usbd_cdc.c.obj
LOAD CMakeFiles/STM_Link.dir/USB_DEVICE/Target/usbd_conf.c.obj
LOAD CMakeFiles/STM_Link.dir/USB_DEVICE/App/usb_device.c.obj
LOAD CMakeFiles/STM_Link.dir/USB_DEVICE/App/usbd_desc.c.obj
LOAD CMakeFiles/STM_Link.dir/USB_DEVICE/App/usbd_cdc_if.c.obj
LOAD CMakeFiles/STM_Link.dir/Core/Src/main.c.obj
LOAD CMakeFiles/STM_Link.dir/Core/Src/gpio.c.obj
LOAD CMakeFiles/STM_Link.dir/Core/Src/stm32f1xx_it.c.obj
LOAD CMakeFiles/STM_Link.dir/Core/Src/stm32f1xx_hal_msp.c.obj
LOAD CMakeFiles/STM_Link.dir/Core/Src/sysmem.c.obj
LOAD CMakeFiles/STM_Link.dir/Core/Src/syscalls.c.obj
LOAD CMakeFiles/STM_Link.dir/startup_stm32f103xb.s.obj
LOAD CMakeFiles/STM_Link.dir/Source/Src/sys.cpp.obj
LOAD CMakeFiles/STM_Link.dir/Source/Src/xx.c.obj
LOAD C:/Users/X/Desktop/STM_Link/Middlewares/ST/ARM/DSP/Lib/libarm_cortexM3l_math.a
LOAD C:/Toolchain/arm-gnu-toolchain-14.2.rel1-mingw-w64-i686-arm-none-eabi/bin/../lib/gcc/arm-none-eabi/14.2.1/thumb/v7-m/nofp\libstdc++_nano.a
LOAD C:/Toolchain/arm-gnu-toolchain-14.2.rel1-mingw-w64-i686-arm-none-eabi/bin/../lib/gcc/arm-none-eabi/14.2.1/thumb/v7-m/nofp\libm.a
LOAD C:/Toolchain/arm-gnu-toolchain-14.2.rel1-mingw-w64-i686-arm-none-eabi/bin/../lib/gcc/arm-none-eabi/14.2.1/thumb/v7-m/nofp\libc_nano.a
START GROUP
LOAD C:/Toolchain/arm-gnu-toolchain-14.2.rel1-mingw-w64-i686-arm-none-eabi/bin/../lib/gcc/arm-none-eabi/14.2.1/thumb/v7-m/nofp\libgcc.a
LOAD C:/Toolchain/arm-gnu-toolchain-14.2.rel1-mingw-w64-i686-arm-none-eabi/bin/../lib/gcc/arm-none-eabi/14.2.1/thumb/v7-m/nofp\libg_nano.a
LOAD C:/Toolchain/arm-gnu-toolchain-14.2.rel1-mingw-w64-i686-arm-none-eabi/bin/../lib/gcc/arm-none-eabi/14.2.1/thumb/v7-m/nofp\libc_nano.a
END GROUP
START GROUP
LOAD C:/Toolchain/arm-gnu-toolchain-14.2.rel1-mingw-w64-i686-arm-none-eabi/bin/../lib/gcc/arm-none-eabi/14.2.1/thumb/v7-m/nofp\libgcc.a
LOAD C:/Toolchain/arm-gnu-toolchain-14.2.rel1-mingw-w64-i686-arm-none-eabi/bin/../lib/gcc/arm-none-eabi/14.2.1/thumb/v7-m/nofp\libc_nano.a
END GROUP
LOAD C:/Toolchain/arm-gnu-toolchain-14.2.rel1-mingw-w64-i686-arm-none-eabi/bin/../lib/gcc/arm-none-eabi/14.2.1/thumb/v7-m/nofp/crtend.o
LOAD C:/Toolchain/arm-gnu-toolchain-14.2.rel1-mingw-w64-i686-arm-none-eabi/bin/../lib/gcc/arm-none-eabi/14.2.1/thumb/v7-m/nofp/crtn.o
                0x20005000                        _estack = (ORIGIN (RAM) + LENGTH (RAM))
                0x00000200                        _Min_Heap_Size = 0x200
                0x00000400                        _Min_Stack_Size = 0x400

.isr_vector     0x08000000      0x10c
                0x08000000                        . = ALIGN (0x4)
 *(.isr_vector)
 .isr_vector    0x08000000      0x10c CMakeFiles/STM_Link.dir/startup_stm32f103xb.s.obj
                0x08000000                g_pfnVectors
                0x0800010c                        . = ALIGN (0x4)

.text           0x0800010c     0x85e0
                0x0800010c                        . = ALIGN (0x4)
 *(.text)
 .text          0x0800010c      0x21c C:/Toolchain/arm-gnu-toolchain-14.2.rel1-mingw-w64-i686-arm-none-eabi/bin/../lib/gcc/arm-none-eabi/14.2.1/thumb/v7-m/nofp\libgcc.a(_arm_addsubsf3.o)
                0x0800010c                __aeabi_frsub
                0x08000114                __subsf3
                0x08000114                __aeabi_fsub
                0x08000118                __aeabi_fadd
                0x08000118                __addsf3
                0x08000278                __aeabi_ui2f
                0x08000278                __floatunsisf
                0x08000280                __aeabi_i2f
                0x08000280                __floatsisf
                0x0800029c                __aeabi_ul2f
                0x0800029c                __floatundisf
                0x080002ac                __aeabi_l2f
                0x080002ac                __floatdisf
 .text          0x08000328      0x2a0 C:/Toolchain/arm-gnu-toolchain-14.2.rel1-mingw-w64-i686-arm-none-eabi/bin/../lib/gcc/arm-none-eabi/14.2.1/thumb/v7-m/nofp\libgcc.a(_arm_muldivsf3.o)
                0x08000328                __mulsf3
                0x08000328                __aeabi_fmul
                0x08000490                __aeabi_fdiv
                0x08000490                __divsf3
 .text          0x080005c8       0xec C:/Toolchain/arm-gnu-toolchain-14.2.rel1-mingw-w64-i686-arm-none-eabi/bin/../lib/gcc/arm-none-eabi/14.2.1/thumb/v7-m/nofp\libgcc.a(_arm_cmpsf2.o)
                0x080005c8                __gesf2
                0x080005c8                __gtsf2
                0x080005d0                __lesf2
                0x080005d0                __ltsf2
                0x080005d8                __nesf2
                0x080005d8                __eqsf2
                0x080005d8                __cmpsf2
                0x08000638                __aeabi_cfrcmple
                0x08000640                __aeabi_cfcmpeq
                0x08000640                __aeabi_cfcmple
                0x08000650                __aeabi_fcmpeq
                0x08000664                __aeabi_fcmplt
                0x08000678                __aeabi_fcmple
                0x0800068c                __aeabi_fcmpge
                0x080006a0                __aeabi_fcmpgt
 .text          0x080006b4       0x4c C:/Toolchain/arm-gnu-toolchain-14.2.rel1-mingw-w64-i686-arm-none-eabi/bin/../lib/gcc/arm-none-eabi/14.2.1/thumb/v7-m/nofp\libgcc.a(_arm_fixsfsi.o)
                0x080006b4                __aeabi_f2iz
                0x080006b4                __fixsfsi
 *(.text*)
 .text.deregister_tm_clones
                0x08000700       0x1c C:/Toolchain/arm-gnu-toolchain-14.2.rel1-mingw-w64-i686-arm-none-eabi/bin/../lib/gcc/arm-none-eabi/14.2.1/thumb/v7-m/nofp/crtbegin.o
 .text.register_tm_clones
                0x0800071c       0x24 C:/Toolchain/arm-gnu-toolchain-14.2.rel1-mingw-w64-i686-arm-none-eabi/bin/../lib/gcc/arm-none-eabi/14.2.1/thumb/v7-m/nofp/crtbegin.o
 .text.__do_global_dtors_aux
                0x08000740       0x28 C:/Toolchain/arm-gnu-toolchain-14.2.rel1-mingw-w64-i686-arm-none-eabi/bin/../lib/gcc/arm-none-eabi/14.2.1/thumb/v7-m/nofp/crtbegin.o
 .text.frame_dummy
                0x08000768       0x24 C:/Toolchain/arm-gnu-toolchain-14.2.rel1-mingw-w64-i686-arm-none-eabi/bin/../lib/gcc/arm-none-eabi/14.2.1/thumb/v7-m/nofp/crtbegin.o
 .text.SystemInit
                0x0800078c        0xc cmake/stm32cubemx/CMakeFiles/STM32_Drivers.dir/__/__/Core/Src/system_stm32f1xx.c.obj
                0x0800078c                SystemInit
 .text.HAL_PCD_Init
                0x08000798      0x1ec cmake/stm32cubemx/CMakeFiles/STM32_Drivers.dir/__/__/Drivers/STM32F1xx_HAL_Driver/Src/stm32f1xx_hal_pcd.c.obj
                0x08000798                HAL_PCD_Init
 .text.HAL_PCD_Start
                0x08000984       0x4c cmake/stm32cubemx/CMakeFiles/STM32_Drivers.dir/__/__/Drivers/STM32F1xx_HAL_Driver/Src/stm32f1xx_hal_pcd.c.obj
                0x08000984                HAL_PCD_Start
 .text.HAL_PCD_IRQHandler
                0x080009d0      0x260 cmake/stm32cubemx/CMakeFiles/STM32_Drivers.dir/__/__/Drivers/STM32F1xx_HAL_Driver/Src/stm32f1xx_hal_pcd.c.obj
                0x080009d0                HAL_PCD_IRQHandler
 .text.HAL_PCD_SetAddress
                0x08000c30       0x48 cmake/stm32cubemx/CMakeFiles/STM32_Drivers.dir/__/__/Drivers/STM32F1xx_HAL_Driver/Src/stm32f1xx_hal_pcd.c.obj
                0x08000c30                HAL_PCD_SetAddress
 .text.HAL_PCD_EP_Open
                0x08000c78       0xba cmake/stm32cubemx/CMakeFiles/STM32_Drivers.dir/__/__/Drivers/STM32F1xx_HAL_Driver/Src/stm32f1xx_hal_pcd.c.obj
                0x08000c78                HAL_PCD_EP_Open
 .text.HAL_PCD_EP_Close
                0x08000d32       0x90 cmake/stm32cubemx/CMakeFiles/STM32_Drivers.dir/__/__/Drivers/STM32F1xx_HAL_Driver/Src/stm32f1xx_hal_pcd.c.obj
                0x08000d32                HAL_PCD_EP_Close
 .text.HAL_PCD_EP_Receive
                0x08000dc2       0x62 cmake/stm32cubemx/CMakeFiles/STM32_Drivers.dir/__/__/Drivers/STM32F1xx_HAL_Driver/Src/stm32f1xx_hal_pcd.c.obj
                0x08000dc2                HAL_PCD_EP_Receive
 .text.HAL_PCD_EP_GetRxCount
                0x08000e24       0x2e cmake/stm32cubemx/CMakeFiles/STM32_Drivers.dir/__/__/Drivers/STM32F1xx_HAL_Driver/Src/stm32f1xx_hal_pcd.c.obj
                0x08000e24                HAL_PCD_EP_GetRxCount
 .text.HAL_PCD_EP_Transmit
                0x08000e52       0x6e cmake/stm32cubemx/CMakeFiles/STM32_Drivers.dir/__/__/Drivers/STM32F1xx_HAL_Driver/Src/stm32f1xx_hal_pcd.c.obj
                0x08000e52                HAL_PCD_EP_Transmit
 .text.HAL_PCD_EP_SetStall
                0x08000ec0       0xc0 cmake/stm32cubemx/CMakeFiles/STM32_Drivers.dir/__/__/Drivers/STM32F1xx_HAL_Driver/Src/stm32f1xx_hal_pcd.c.obj
                0x08000ec0                HAL_PCD_EP_SetStall
 .text.HAL_PCD_EP_ClrStall
                0x08000f80       0xa8 cmake/stm32cubemx/CMakeFiles/STM32_Drivers.dir/__/__/Drivers/STM32F1xx_HAL_Driver/Src/stm32f1xx_hal_pcd.c.obj
                0x08000f80                HAL_PCD_EP_ClrStall
 .text.PCD_EP_ISR_Handler
                0x08001028      0x79e cmake/stm32cubemx/CMakeFiles/STM32_Drivers.dir/__/__/Drivers/STM32F1xx_HAL_Driver/Src/stm32f1xx_hal_pcd.c.obj
 .text.HAL_PCD_EP_DB_Receive
                0x080017c6      0x21a cmake/stm32cubemx/CMakeFiles/STM32_Drivers.dir/__/__/Drivers/STM32F1xx_HAL_Driver/Src/stm32f1xx_hal_pcd.c.obj
 .text.HAL_PCD_EP_DB_Transmit
                0x080019e0      0x7f4 cmake/stm32cubemx/CMakeFiles/STM32_Drivers.dir/__/__/Drivers/STM32F1xx_HAL_Driver/Src/stm32f1xx_hal_pcd.c.obj
 .text.HAL_PCDEx_PMAConfig
                0x080021d4       0x84 cmake/stm32cubemx/CMakeFiles/STM32_Drivers.dir/__/__/Drivers/STM32F1xx_HAL_Driver/Src/stm32f1xx_hal_pcd_ex.c.obj
                0x080021d4                HAL_PCDEx_PMAConfig
 .text.USB_CoreInit
                0x08002258       0x1a cmake/stm32cubemx/CMakeFiles/STM32_Drivers.dir/__/__/Drivers/STM32F1xx_HAL_Driver/Src/stm32f1xx_ll_usb.c.obj
                0x08002258                USB_CoreInit
 .text.USB_EnableGlobalInt
                0x08002272       0x2c cmake/stm32cubemx/CMakeFiles/STM32_Drivers.dir/__/__/Drivers/STM32F1xx_HAL_Driver/Src/stm32f1xx_ll_usb.c.obj
                0x08002272                USB_EnableGlobalInt
 .text.USB_DisableGlobalInt
                0x0800229e       0x34 cmake/stm32cubemx/CMakeFiles/STM32_Drivers.dir/__/__/Drivers/STM32F1xx_HAL_Driver/Src/stm32f1xx_ll_usb.c.obj
                0x0800229e                USB_DisableGlobalInt
 .text.USB_SetCurrentMode
                0x080022d2       0x18 cmake/stm32cubemx/CMakeFiles/STM32_Drivers.dir/__/__/Drivers/STM32F1xx_HAL_Driver/Src/stm32f1xx_ll_usb.c.obj
                0x080022d2                USB_SetCurrentMode
 .text.USB_DevInit
                0x080022ea       0x3a cmake/stm32cubemx/CMakeFiles/STM32_Drivers.dir/__/__/Drivers/STM32F1xx_HAL_Driver/Src/stm32f1xx_ll_usb.c.obj
                0x080022ea                USB_DevInit
 .text.USB_ActivateEndpoint
                0x08002324      0x780 cmake/stm32cubemx/CMakeFiles/STM32_Drivers.dir/__/__/Drivers/STM32F1xx_HAL_Driver/Src/stm32f1xx_ll_usb.c.obj
                0x08002324                USB_ActivateEndpoint
 .text.USB_DeactivateEndpoint
                0x08002aa4      0x3d8 cmake/stm32cubemx/CMakeFiles/STM32_Drivers.dir/__/__/Drivers/STM32F1xx_HAL_Driver/Src/stm32f1xx_ll_usb.c.obj
                0x08002aa4                USB_DeactivateEndpoint
 .text.USB_EPStartXfer
                0x08002e7c     0x1762 cmake/stm32cubemx/CMakeFiles/STM32_Drivers.dir/__/__/Drivers/STM32F1xx_HAL_Driver/Src/stm32f1xx_ll_usb.c.obj
                0x08002e7c                USB_EPStartXfer
 .text.USB_EPSetStall
                0x080045de       0xa0 cmake/stm32cubemx/CMakeFiles/STM32_Drivers.dir/__/__/Drivers/STM32F1xx_HAL_Driver/Src/stm32f1xx_ll_usb.c.obj
                0x080045de                USB_EPSetStall
 .text.USB_EPClearStall
                0x0800467e      0x15a cmake/stm32cubemx/CMakeFiles/STM32_Drivers.dir/__/__/Drivers/STM32F1xx_HAL_Driver/Src/stm32f1xx_ll_usb.c.obj
                0x0800467e                USB_EPClearStall
 .text.USB_SetDevAddress
                0x080047d8       0x26 cmake/stm32cubemx/CMakeFiles/STM32_Drivers.dir/__/__/Drivers/STM32F1xx_HAL_Driver/Src/stm32f1xx_ll_usb.c.obj
                0x080047d8                USB_SetDevAddress
 .text.USB_DevConnect
                0x080047fe       0x14 cmake/stm32cubemx/CMakeFiles/STM32_Drivers.dir/__/__/Drivers/STM32F1xx_HAL_Driver/Src/stm32f1xx_ll_usb.c.obj
                0x080047fe                USB_DevConnect
 .text.USB_DevDisconnect
                0x08004812       0x14 cmake/stm32cubemx/CMakeFiles/STM32_Drivers.dir/__/__/Drivers/STM32F1xx_HAL_Driver/Src/stm32f1xx_ll_usb.c.obj
                0x08004812                USB_DevDisconnect
 .text.USB_ReadInterrupts
                0x08004826       0x1e cmake/stm32cubemx/CMakeFiles/STM32_Drivers.dir/__/__/Drivers/STM32F1xx_HAL_Driver/Src/stm32f1xx_ll_usb.c.obj
                0x08004826                USB_ReadInterrupts
 .text.USB_EP0_OutStart
                0x08004844       0x16 cmake/stm32cubemx/CMakeFiles/STM32_Drivers.dir/__/__/Drivers/STM32F1xx_HAL_Driver/Src/stm32f1xx_ll_usb.c.obj
                0x08004844                USB_EP0_OutStart
 .text.USB_WritePMA
                0x0800485a       0x8c cmake/stm32cubemx/CMakeFiles/STM32_Drivers.dir/__/__/Drivers/STM32F1xx_HAL_Driver/Src/stm32f1xx_ll_usb.c.obj
                0x0800485a                USB_WritePMA
 .text.USB_ReadPMA
                0x080048e6       0x9e cmake/stm32cubemx/CMakeFiles/STM32_Drivers.dir/__/__/Drivers/STM32F1xx_HAL_Driver/Src/stm32f1xx_ll_usb.c.obj
                0x080048e6                USB_ReadPMA
 .text.HAL_Init
                0x08004984       0x2c cmake/stm32cubemx/CMakeFiles/STM32_Drivers.dir/__/__/Drivers/STM32F1xx_HAL_Driver/Src/stm32f1xx_hal.c.obj
                0x08004984                HAL_Init
 .text.HAL_InitTick
                0x080049b0       0x60 cmake/stm32cubemx/CMakeFiles/STM32_Drivers.dir/__/__/Drivers/STM32F1xx_HAL_Driver/Src/stm32f1xx_hal.c.obj
                0x080049b0                HAL_InitTick
 .text.HAL_IncTick
                0x08004a10       0x24 cmake/stm32cubemx/CMakeFiles/STM32_Drivers.dir/__/__/Drivers/STM32F1xx_HAL_Driver/Src/stm32f1xx_hal.c.obj
                0x08004a10                HAL_IncTick
 .text.HAL_GetTick
                0x08004a34       0x14 cmake/stm32cubemx/CMakeFiles/STM32_Drivers.dir/__/__/Drivers/STM32F1xx_HAL_Driver/Src/stm32f1xx_hal.c.obj
                0x08004a34                HAL_GetTick
 .text.HAL_RCC_OscConfig
                0x08004a48      0x504 cmake/stm32cubemx/CMakeFiles/STM32_Drivers.dir/__/__/Drivers/STM32F1xx_HAL_Driver/Src/stm32f1xx_hal_rcc.c.obj
                0x08004a48                HAL_RCC_OscConfig
 .text.HAL_RCC_ClockConfig
                0x08004f4c      0x1d4 cmake/stm32cubemx/CMakeFiles/STM32_Drivers.dir/__/__/Drivers/STM32F1xx_HAL_Driver/Src/stm32f1xx_hal_rcc.c.obj
                0x08004f4c                HAL_RCC_ClockConfig
 .text.HAL_RCC_GetSysClockFreq
                0x08005120       0xa8 cmake/stm32cubemx/CMakeFiles/STM32_Drivers.dir/__/__/Drivers/STM32F1xx_HAL_Driver/Src/stm32f1xx_hal_rcc.c.obj
                0x08005120                HAL_RCC_GetSysClockFreq
 .text.RCC_Delay
                0x080051c8       0x3c cmake/stm32cubemx/CMakeFiles/STM32_Drivers.dir/__/__/Drivers/STM32F1xx_HAL_Driver/Src/stm32f1xx_hal_rcc.c.obj
 .text.HAL_RCCEx_PeriphCLKConfig
                0x08005204      0x16c cmake/stm32cubemx/CMakeFiles/STM32_Drivers.dir/__/__/Drivers/STM32F1xx_HAL_Driver/Src/stm32f1xx_hal_rcc_ex.c.obj
                0x08005204                HAL_RCCEx_PeriphCLKConfig
 .text.__NVIC_SetPriorityGrouping
                0x08005370       0x48 cmake/stm32cubemx/CMakeFiles/STM32_Drivers.dir/__/__/Drivers/STM32F1xx_HAL_Driver/Src/stm32f1xx_hal_cortex.c.obj
 .text.__NVIC_GetPriorityGrouping
                0x080053b8       0x1c cmake/stm32cubemx/CMakeFiles/STM32_Drivers.dir/__/__/Drivers/STM32F1xx_HAL_Driver/Src/stm32f1xx_hal_cortex.c.obj
 .text.__NVIC_EnableIRQ
                0x080053d4       0x38 cmake/stm32cubemx/CMakeFiles/STM32_Drivers.dir/__/__/Drivers/STM32F1xx_HAL_Driver/Src/stm32f1xx_hal_cortex.c.obj
 .text.__NVIC_SetPriority
                0x0800540c       0x54 cmake/stm32cubemx/CMakeFiles/STM32_Drivers.dir/__/__/Drivers/STM32F1xx_HAL_Driver/Src/stm32f1xx_hal_cortex.c.obj
 .text.NVIC_EncodePriority
                0x08005460       0x64 cmake/stm32cubemx/CMakeFiles/STM32_Drivers.dir/__/__/Drivers/STM32F1xx_HAL_Driver/Src/stm32f1xx_hal_cortex.c.obj
 .text.SysTick_Config
                0x080054c4       0x44 cmake/stm32cubemx/CMakeFiles/STM32_Drivers.dir/__/__/Drivers/STM32F1xx_HAL_Driver/Src/stm32f1xx_hal_cortex.c.obj
 .text.HAL_NVIC_SetPriorityGrouping
                0x08005508       0x16 cmake/stm32cubemx/CMakeFiles/STM32_Drivers.dir/__/__/Drivers/STM32F1xx_HAL_Driver/Src/stm32f1xx_hal_cortex.c.obj
                0x08005508                HAL_NVIC_SetPriorityGrouping
 .text.HAL_NVIC_SetPriority
                0x0800551e       0x38 cmake/stm32cubemx/CMakeFiles/STM32_Drivers.dir/__/__/Drivers/STM32F1xx_HAL_Driver/Src/stm32f1xx_hal_cortex.c.obj
                0x0800551e                HAL_NVIC_SetPriority
 .text.HAL_NVIC_EnableIRQ
                0x08005556       0x1c cmake/stm32cubemx/CMakeFiles/STM32_Drivers.dir/__/__/Drivers/STM32F1xx_HAL_Driver/Src/stm32f1xx_hal_cortex.c.obj
                0x08005556                HAL_NVIC_EnableIRQ
 .text.HAL_SYSTICK_Config
                0x08005572       0x18 cmake/stm32cubemx/CMakeFiles/STM32_Drivers.dir/__/__/Drivers/STM32F1xx_HAL_Driver/Src/stm32f1xx_hal_cortex.c.obj
                0x08005572                HAL_SYSTICK_Config
 .text.USBD_Init
                0x0800558a       0x56 cmake/stm32cubemx/CMakeFiles/USB_Device_Library.dir/__/__/Middlewares/ST/STM32_USB_Device_Library/Core/Src/usbd_core.c.obj
                0x0800558a                USBD_Init
 .text.USBD_RegisterClass
                0x080055e0       0x32 cmake/stm32cubemx/CMakeFiles/USB_Device_Library.dir/__/__/Middlewares/ST/STM32_USB_Device_Library/Core/Src/usbd_core.c.obj
                0x080055e0                USBD_RegisterClass
 .text.USBD_Start
                0x08005612       0x18 cmake/stm32cubemx/CMakeFiles/USB_Device_Library.dir/__/__/Middlewares/ST/STM32_USB_Device_Library/Core/Src/usbd_core.c.obj
                0x08005612                USBD_Start
 .text.USBD_RunTestMode
                0x0800562a       0x14 cmake/stm32cubemx/CMakeFiles/USB_Device_Library.dir/__/__/Middlewares/ST/STM32_USB_Device_Library/Core/Src/usbd_core.c.obj
                0x0800562a                USBD_RunTestMode
 .text.USBD_SetClassConfig
                0x0800563e       0x3e cmake/stm32cubemx/CMakeFiles/USB_Device_Library.dir/__/__/Middlewares/ST/STM32_USB_Device_Library/Core/Src/usbd_core.c.obj
                0x0800563e                USBD_SetClassConfig
 .text.USBD_ClrClassConfig
                0x0800567c       0x26 cmake/stm32cubemx/CMakeFiles/USB_Device_Library.dir/__/__/Middlewares/ST/STM32_USB_Device_Library/Core/Src/usbd_core.c.obj
                0x0800567c                USBD_ClrClassConfig
 .text.USBD_LL_SetupStage
                0x080056a2       0x9a cmake/stm32cubemx/CMakeFiles/USB_Device_Library.dir/__/__/Middlewares/ST/STM32_USB_Device_Library/Core/Src/usbd_core.c.obj
                0x080056a2                USBD_LL_SetupStage
 .text.USBD_LL_DataOutStage
                0x0800573c       0xe2 cmake/stm32cubemx/CMakeFiles/USB_Device_Library.dir/__/__/Middlewares/ST/STM32_USB_Device_Library/Core/Src/usbd_core.c.obj
                0x0800573c                USBD_LL_DataOutStage
 .text.USBD_LL_DataInStage
                0x0800581e      0x14a cmake/stm32cubemx/CMakeFiles/USB_Device_Library.dir/__/__/Middlewares/ST/STM32_USB_Device_Library/Core/Src/usbd_core.c.obj
                0x0800581e                USBD_LL_DataInStage
 .text.USBD_LL_Reset
                0x08005968       0x82 cmake/stm32cubemx/CMakeFiles/USB_Device_Library.dir/__/__/Middlewares/ST/STM32_USB_Device_Library/Core/Src/usbd_core.c.obj
                0x08005968                USBD_LL_Reset
 .text.USBD_LL_SetSpeed
                0x080059ea       0x1e cmake/stm32cubemx/CMakeFiles/USB_Device_Library.dir/__/__/Middlewares/ST/STM32_USB_Device_Library/Core/Src/usbd_core.c.obj
                0x080059ea                USBD_LL_SetSpeed
 .text.USBD_LL_Suspend
                0x08005a08       0x28 cmake/stm32cubemx/CMakeFiles/USB_Device_Library.dir/__/__/Middlewares/ST/STM32_USB_Device_Library/Core/Src/usbd_core.c.obj
                0x08005a08                USBD_LL_Suspend
 .text.USBD_LL_Resume
                0x08005a30       0x2a cmake/stm32cubemx/CMakeFiles/USB_Device_Library.dir/__/__/Middlewares/ST/STM32_USB_Device_Library/Core/Src/usbd_core.c.obj
                0x08005a30                USBD_LL_Resume
 .text.USBD_LL_SOF
                0x08005a5a       0x34 cmake/stm32cubemx/CMakeFiles/USB_Device_Library.dir/__/__/Middlewares/ST/STM32_USB_Device_Library/Core/Src/usbd_core.c.obj
                0x08005a5a                USBD_LL_SOF
 *fill*         0x08005a8e        0x2 
 .text.USBD_StdDevReq
                0x08005a90       0xd4 cmake/stm32cubemx/CMakeFiles/USB_Device_Library.dir/__/__/Middlewares/ST/STM32_USB_Device_Library/Core/Src/usbd_ctlreq.c.obj
                0x08005a90                USBD_StdDevReq
 .text.USBD_StdItfReq
                0x08005b64       0x90 cmake/stm32cubemx/CMakeFiles/USB_Device_Library.dir/__/__/Middlewares/ST/STM32_USB_Device_Library/Core/Src/usbd_ctlreq.c.obj
                0x08005b64                USBD_StdItfReq
 .text.USBD_StdEPReq
                0x08005bf4      0x2c6 cmake/stm32cubemx/CMakeFiles/USB_Device_Library.dir/__/__/Middlewares/ST/STM32_USB_Device_Library/Core/Src/usbd_ctlreq.c.obj
                0x08005bf4                USBD_StdEPReq
 *fill*         0x08005eba        0x2 
 .text.USBD_GetDescriptor
                0x08005ebc      0x2d0 cmake/stm32cubemx/CMakeFiles/USB_Device_Library.dir/__/__/Middlewares/ST/STM32_USB_Device_Library/Core/Src/usbd_ctlreq.c.obj
 .text.USBD_SetAddress
                0x0800618c       0x86 cmake/stm32cubemx/CMakeFiles/USB_Device_Library.dir/__/__/Middlewares/ST/STM32_USB_Device_Library/Core/Src/usbd_ctlreq.c.obj
 *fill*         0x08006212        0x2 
 .text.USBD_SetConfig
                0x08006214      0x11c cmake/stm32cubemx/CMakeFiles/USB_Device_Library.dir/__/__/Middlewares/ST/STM32_USB_Device_Library/Core/Src/usbd_ctlreq.c.obj
 .text.USBD_GetConfig
                0x08006330       0x6a cmake/stm32cubemx/CMakeFiles/USB_Device_Library.dir/__/__/Middlewares/ST/STM32_USB_Device_Library/Core/Src/usbd_ctlreq.c.obj
 .text.USBD_GetStatus
                0x0800639a       0x66 cmake/stm32cubemx/CMakeFiles/USB_Device_Library.dir/__/__/Middlewares/ST/STM32_USB_Device_Library/Core/Src/usbd_ctlreq.c.obj
 .text.USBD_SetFeature
                0x08006400       0x28 cmake/stm32cubemx/CMakeFiles/USB_Device_Library.dir/__/__/Middlewares/ST/STM32_USB_Device_Library/Core/Src/usbd_ctlreq.c.obj
 .text.USBD_ClrFeature
                0x08006428       0x42 cmake/stm32cubemx/CMakeFiles/USB_Device_Library.dir/__/__/Middlewares/ST/STM32_USB_Device_Library/Core/Src/usbd_ctlreq.c.obj
 .text.USBD_ParseSetupRequest
                0x0800646a       0x72 cmake/stm32cubemx/CMakeFiles/USB_Device_Library.dir/__/__/Middlewares/ST/STM32_USB_Device_Library/Core/Src/usbd_ctlreq.c.obj
                0x0800646a                USBD_ParseSetupRequest
 .text.USBD_CtlError
                0x080064dc       0x22 cmake/stm32cubemx/CMakeFiles/USB_Device_Library.dir/__/__/Middlewares/ST/STM32_USB_Device_Library/Core/Src/usbd_ctlreq.c.obj
                0x080064dc                USBD_CtlError
 .text.USBD_GetString
                0x080064fe       0x84 cmake/stm32cubemx/CMakeFiles/USB_Device_Library.dir/__/__/Middlewares/ST/STM32_USB_Device_Library/Core/Src/usbd_ctlreq.c.obj
                0x080064fe                USBD_GetString
 .text.USBD_GetLen
                0x08006582       0x2e cmake/stm32cubemx/CMakeFiles/USB_Device_Library.dir/__/__/Middlewares/ST/STM32_USB_Device_Library/Core/Src/usbd_ctlreq.c.obj
 .text.USBD_CtlSendData
                0x080065b0       0x38 cmake/stm32cubemx/CMakeFiles/USB_Device_Library.dir/__/__/Middlewares/ST/STM32_USB_Device_Library/Core/Src/usbd_ioreq.c.obj
                0x080065b0                USBD_CtlSendData
 .text.USBD_CtlContinueSendData
                0x080065e8       0x24 cmake/stm32cubemx/CMakeFiles/USB_Device_Library.dir/__/__/Middlewares/ST/STM32_USB_Device_Library/Core/Src/usbd_ioreq.c.obj
                0x080065e8                USBD_CtlContinueSendData
 .text.USBD_CtlPrepareRx
                0x0800660c       0x3c cmake/stm32cubemx/CMakeFiles/USB_Device_Library.dir/__/__/Middlewares/ST/STM32_USB_Device_Library/Core/Src/usbd_ioreq.c.obj
                0x0800660c                USBD_CtlPrepareRx
 .text.USBD_CtlContinueRx
                0x08006648       0x24 cmake/stm32cubemx/CMakeFiles/USB_Device_Library.dir/__/__/Middlewares/ST/STM32_USB_Device_Library/Core/Src/usbd_ioreq.c.obj
                0x08006648                USBD_CtlContinueRx
 .text.USBD_CtlSendStatus
                0x0800666c       0x26 cmake/stm32cubemx/CMakeFiles/USB_Device_Library.dir/__/__/Middlewares/ST/STM32_USB_Device_Library/Core/Src/usbd_ioreq.c.obj
                0x0800666c                USBD_CtlSendStatus
 .text.USBD_CtlReceiveStatus
                0x08006692       0x26 cmake/stm32cubemx/CMakeFiles/USB_Device_Library.dir/__/__/Middlewares/ST/STM32_USB_Device_Library/Core/Src/usbd_ioreq.c.obj
                0x08006692                USBD_CtlReceiveStatus
 .text.USBD_CDC_Init
                0x080066b8       0xf4 cmake/stm32cubemx/CMakeFiles/USB_Device_Library.dir/__/__/Middlewares/ST/STM32_USB_Device_Library/Class/CDC/Src/usbd_cdc.c.obj
 .text.USBD_CDC_DeInit
                0x080067ac       0x6e cmake/stm32cubemx/CMakeFiles/USB_Device_Library.dir/__/__/Middlewares/ST/STM32_USB_Device_Library/Class/CDC/Src/usbd_cdc.c.obj
 .text.USBD_CDC_Setup
                0x0800681a      0x146 cmake/stm32cubemx/CMakeFiles/USB_Device_Library.dir/__/__/Middlewares/ST/STM32_USB_Device_Library/Class/CDC/Src/usbd_cdc.c.obj
 .text.USBD_CDC_DataIn
                0x08006960       0xa6 cmake/stm32cubemx/CMakeFiles/USB_Device_Library.dir/__/__/Middlewares/ST/STM32_USB_Device_Library/Class/CDC/Src/usbd_cdc.c.obj
 .text.USBD_CDC_DataOut
                0x08006a06       0x56 cmake/stm32cubemx/CMakeFiles/USB_Device_Library.dir/__/__/Middlewares/ST/STM32_USB_Device_Library/Class/CDC/Src/usbd_cdc.c.obj
 .text.USBD_CDC_EP0_RxReady
                0x08006a5c       0x4e cmake/stm32cubemx/CMakeFiles/USB_Device_Library.dir/__/__/Middlewares/ST/STM32_USB_Device_Library/Class/CDC/Src/usbd_cdc.c.obj
 *fill*         0x08006aaa        0x2 
 .text.USBD_CDC_GetFSCfgDesc
                0x08006aac       0x20 cmake/stm32cubemx/CMakeFiles/USB_Device_Library.dir/__/__/Middlewares/ST/STM32_USB_Device_Library/Class/CDC/Src/usbd_cdc.c.obj
 .text.USBD_CDC_GetHSCfgDesc
                0x08006acc       0x20 cmake/stm32cubemx/CMakeFiles/USB_Device_Library.dir/__/__/Middlewares/ST/STM32_USB_Device_Library/Class/CDC/Src/usbd_cdc.c.obj
 .text.USBD_CDC_GetOtherSpeedCfgDesc
                0x08006aec       0x20 cmake/stm32cubemx/CMakeFiles/USB_Device_Library.dir/__/__/Middlewares/ST/STM32_USB_Device_Library/Class/CDC/Src/usbd_cdc.c.obj
 .text.USBD_CDC_GetDeviceQualifierDescriptor
                0x08006b0c       0x20 cmake/stm32cubemx/CMakeFiles/USB_Device_Library.dir/__/__/Middlewares/ST/STM32_USB_Device_Library/Class/CDC/Src/usbd_cdc.c.obj
                0x08006b0c                USBD_CDC_GetDeviceQualifierDescriptor
 .text.USBD_CDC_RegisterInterface
                0x08006b2c       0x2c cmake/stm32cubemx/CMakeFiles/USB_Device_Library.dir/__/__/Middlewares/ST/STM32_USB_Device_Library/Class/CDC/Src/usbd_cdc.c.obj
                0x08006b2c                USBD_CDC_RegisterInterface
 .text.USBD_CDC_SetTxBuffer
                0x08006b58       0x32 cmake/stm32cubemx/CMakeFiles/USB_Device_Library.dir/__/__/Middlewares/ST/STM32_USB_Device_Library/Class/CDC/Src/usbd_cdc.c.obj
                0x08006b58                USBD_CDC_SetTxBuffer
 .text.USBD_CDC_SetRxBuffer
                0x08006b8a       0x26 cmake/stm32cubemx/CMakeFiles/USB_Device_Library.dir/__/__/Middlewares/ST/STM32_USB_Device_Library/Class/CDC/Src/usbd_cdc.c.obj
                0x08006b8a                USBD_CDC_SetRxBuffer
 .text.USBD_CDC_ReceivePacket
                0x08006bb0       0x54 cmake/stm32cubemx/CMakeFiles/USB_Device_Library.dir/__/__/Middlewares/ST/STM32_USB_Device_Library/Class/CDC/Src/usbd_cdc.c.obj
                0x08006bb0                USBD_CDC_ReceivePacket
 .text.HAL_PCD_MspInit
                0x08006c04       0x4c CMakeFiles/STM_Link.dir/USB_DEVICE/Target/usbd_conf.c.obj
                0x08006c04                HAL_PCD_MspInit
 .text.HAL_PCD_SetupStageCallback
                0x08006c50       0x24 CMakeFiles/STM_Link.dir/USB_DEVICE/Target/usbd_conf.c.obj
                0x08006c50                HAL_PCD_SetupStageCallback
 .text.HAL_PCD_DataOutStageCallback
                0x08006c74       0x36 CMakeFiles/STM_Link.dir/USB_DEVICE/Target/usbd_conf.c.obj
                0x08006c74                HAL_PCD_DataOutStageCallback
 .text.HAL_PCD_DataInStageCallback
                0x08006caa       0x34 CMakeFiles/STM_Link.dir/USB_DEVICE/Target/usbd_conf.c.obj
                0x08006caa                HAL_PCD_DataInStageCallback
 .text.HAL_PCD_SOFCallback
                0x08006cde       0x1c CMakeFiles/STM_Link.dir/USB_DEVICE/Target/usbd_conf.c.obj
                0x08006cde                HAL_PCD_SOFCallback
 .text.HAL_PCD_ResetCallback
                0x08006cfa       0x3c CMakeFiles/STM_Link.dir/USB_DEVICE/Target/usbd_conf.c.obj
                0x08006cfa                HAL_PCD_ResetCallback
 *fill*         0x08006d36        0x2 
 .text.HAL_PCD_SuspendCallback
                0x08006d38       0x34 CMakeFiles/STM_Link.dir/USB_DEVICE/Target/usbd_conf.c.obj
                0x08006d38                HAL_PCD_SuspendCallback
 .text.HAL_PCD_ResumeCallback
                0x08006d6c       0x1c CMakeFiles/STM_Link.dir/USB_DEVICE/Target/usbd_conf.c.obj
                0x08006d6c                HAL_PCD_ResumeCallback
 .text.USBD_LL_Init
                0x08006d88       0xb4 CMakeFiles/STM_Link.dir/USB_DEVICE/Target/usbd_conf.c.obj
                0x08006d88                USBD_LL_Init
 .text.USBD_LL_Start
                0x08006e3c       0x36 CMakeFiles/STM_Link.dir/USB_DEVICE/Target/usbd_conf.c.obj
                0x08006e3c                USBD_LL_Start
 .text.USBD_LL_OpenEP
                0x08006e72       0x4c CMakeFiles/STM_Link.dir/USB_DEVICE/Target/usbd_conf.c.obj
                0x08006e72                USBD_LL_OpenEP
 .text.USBD_LL_CloseEP
                0x08006ebe       0x3e CMakeFiles/STM_Link.dir/USB_DEVICE/Target/usbd_conf.c.obj
                0x08006ebe                USBD_LL_CloseEP
 .text.USBD_LL_StallEP
                0x08006efc       0x3e CMakeFiles/STM_Link.dir/USB_DEVICE/Target/usbd_conf.c.obj
                0x08006efc                USBD_LL_StallEP
 .text.USBD_LL_ClearStallEP
                0x08006f3a       0x3e CMakeFiles/STM_Link.dir/USB_DEVICE/Target/usbd_conf.c.obj
                0x08006f3a                USBD_LL_ClearStallEP
 .text.USBD_LL_IsStallEP
                0x08006f78       0x56 CMakeFiles/STM_Link.dir/USB_DEVICE/Target/usbd_conf.c.obj
                0x08006f78                USBD_LL_IsStallEP
 .text.USBD_LL_SetUSBAddress
                0x08006fce       0x3e CMakeFiles/STM_Link.dir/USB_DEVICE/Target/usbd_conf.c.obj
                0x08006fce                USBD_LL_SetUSBAddress
 .text.USBD_LL_Transmit
                0x0800700c       0x46 CMakeFiles/STM_Link.dir/USB_DEVICE/Target/usbd_conf.c.obj
                0x0800700c                USBD_LL_Transmit
 .text.USBD_LL_PrepareReceive
                0x08007052       0x46 CMakeFiles/STM_Link.dir/USB_DEVICE/Target/usbd_conf.c.obj
                0x08007052                USBD_LL_PrepareReceive
 .text.USBD_LL_GetRxDataSize
                0x08007098       0x26 CMakeFiles/STM_Link.dir/USB_DEVICE/Target/usbd_conf.c.obj
                0x08007098                USBD_LL_GetRxDataSize
 *fill*         0x080070be        0x2 
 .text.USBD_static_malloc
                0x080070c0       0x18 CMakeFiles/STM_Link.dir/USB_DEVICE/Target/usbd_conf.c.obj
                0x080070c0                USBD_static_malloc
 .text.USBD_static_free
                0x080070d8       0x12 CMakeFiles/STM_Link.dir/USB_DEVICE/Target/usbd_conf.c.obj
                0x080070d8                USBD_static_free
 .text.HAL_PCDEx_SetConnectionState
                0x080070ea       0x16 CMakeFiles/STM_Link.dir/USB_DEVICE/Target/usbd_conf.c.obj
                0x080070ea                HAL_PCDEx_SetConnectionState
 .text.USBD_Get_USB_Status
                0x08007100       0x58 CMakeFiles/STM_Link.dir/USB_DEVICE/Target/usbd_conf.c.obj
 .text.MX_USB_DEVICE_Init
                0x08007158       0x60 CMakeFiles/STM_Link.dir/USB_DEVICE/App/usb_device.c.obj
                0x08007158                MX_USB_DEVICE_Init
 .text.USBD_FS_DeviceDescriptor
                0x080071b8       0x24 CMakeFiles/STM_Link.dir/USB_DEVICE/App/usbd_desc.c.obj
                0x080071b8                USBD_FS_DeviceDescriptor
 .text.USBD_FS_LangIDStrDescriptor
                0x080071dc       0x24 CMakeFiles/STM_Link.dir/USB_DEVICE/App/usbd_desc.c.obj
                0x080071dc                USBD_FS_LangIDStrDescriptor
 .text.USBD_FS_ProductStrDescriptor
                0x08007200       0x3c CMakeFiles/STM_Link.dir/USB_DEVICE/App/usbd_desc.c.obj
                0x08007200                USBD_FS_ProductStrDescriptor
 .text.USBD_FS_ManufacturerStrDescriptor
                0x0800723c       0x28 CMakeFiles/STM_Link.dir/USB_DEVICE/App/usbd_desc.c.obj
                0x0800723c                USBD_FS_ManufacturerStrDescriptor
 .text.USBD_FS_SerialStrDescriptor
                0x08007264       0x24 CMakeFiles/STM_Link.dir/USB_DEVICE/App/usbd_desc.c.obj
                0x08007264                USBD_FS_SerialStrDescriptor
 .text.USBD_FS_ConfigStrDescriptor
                0x08007288       0x3c CMakeFiles/STM_Link.dir/USB_DEVICE/App/usbd_desc.c.obj
                0x08007288                USBD_FS_ConfigStrDescriptor
 .text.USBD_FS_InterfaceStrDescriptor
                0x080072c4       0x3c CMakeFiles/STM_Link.dir/USB_DEVICE/App/usbd_desc.c.obj
                0x080072c4                USBD_FS_InterfaceStrDescriptor
 .text.Get_SerialNum
                0x08007300       0x58 CMakeFiles/STM_Link.dir/USB_DEVICE/App/usbd_desc.c.obj
 .text.IntToUnicode
                0x08007358       0x7c CMakeFiles/STM_Link.dir/USB_DEVICE/App/usbd_desc.c.obj
 .text.CDC_Init_FS
                0x080073d4       0x28 CMakeFiles/STM_Link.dir/USB_DEVICE/App/usbd_cdc_if.c.obj
 .text.CDC_DeInit_FS
                0x080073fc        0xe CMakeFiles/STM_Link.dir/USB_DEVICE/App/usbd_cdc_if.c.obj
 *fill*         0x0800740a        0x2 
 .text.CDC_Control_FS
                0x0800740c       0xbc CMakeFiles/STM_Link.dir/USB_DEVICE/App/usbd_cdc_if.c.obj
 .text.CDC_Receive_FS
                0x080074c8       0x28 CMakeFiles/STM_Link.dir/USB_DEVICE/App/usbd_cdc_if.c.obj
 .text.main     0x080074f0       0x20 CMakeFiles/STM_Link.dir/Core/Src/main.c.obj
                0x080074f0                main
 .text.SystemClock_Config
                0x08007510       0xb4 CMakeFiles/STM_Link.dir/Core/Src/main.c.obj
                0x08007510                SystemClock_Config
 .text.Error_Handler
                0x080075c4        0xc CMakeFiles/STM_Link.dir/Core/Src/main.c.obj
                0x080075c4                Error_Handler
 .text.MX_GPIO_Init
                0x080075d0       0x44 CMakeFiles/STM_Link.dir/Core/Src/gpio.c.obj
                0x080075d0                MX_GPIO_Init
 .text.NMI_Handler
                0x08007614        0x8 CMakeFiles/STM_Link.dir/Core/Src/stm32f1xx_it.c.obj
                0x08007614                NMI_Handler
 .text.HardFault_Handler
                0x0800761c        0x8 CMakeFiles/STM_Link.dir/Core/Src/stm32f1xx_it.c.obj
                0x0800761c                HardFault_Handler
 .text.MemManage_Handler
                0x08007624        0x8 CMakeFiles/STM_Link.dir/Core/Src/stm32f1xx_it.c.obj
                0x08007624                MemManage_Handler
 .text.BusFault_Handler
                0x0800762c        0x8 CMakeFiles/STM_Link.dir/Core/Src/stm32f1xx_it.c.obj
                0x0800762c                BusFault_Handler
 .text.UsageFault_Handler
                0x08007634        0x8 CMakeFiles/STM_Link.dir/Core/Src/stm32f1xx_it.c.obj
                0x08007634                UsageFault_Handler
 .text.SVC_Handler
                0x0800763c        0xc CMakeFiles/STM_Link.dir/Core/Src/stm32f1xx_it.c.obj
                0x0800763c                SVC_Handler
 .text.DebugMon_Handler
                0x08007648        0xc CMakeFiles/STM_Link.dir/Core/Src/stm32f1xx_it.c.obj
                0x08007648                DebugMon_Handler
 .text.PendSV_Handler
                0x08007654        0xc CMakeFiles/STM_Link.dir/Core/Src/stm32f1xx_it.c.obj
                0x08007654                PendSV_Handler
 .text.SysTick_Handler
                0x08007660        0xc CMakeFiles/STM_Link.dir/Core/Src/stm32f1xx_it.c.obj
                0x08007660                SysTick_Handler
 .text.USB_LP_CAN1_RX0_IRQHandler
                0x0800766c       0x14 CMakeFiles/STM_Link.dir/Core/Src/stm32f1xx_it.c.obj
                0x0800766c                USB_LP_CAN1_RX0_IRQHandler
 .text.HAL_MspInit
                0x08007680       0x64 CMakeFiles/STM_Link.dir/Core/Src/stm32f1xx_hal_msp.c.obj
                0x08007680                HAL_MspInit
 .text.Reset_Handler
                0x080076e4       0x48 CMakeFiles/STM_Link.dir/startup_stm32f103xb.s.obj
                0x080076e4                Reset_Handler
 .text.Default_Handler
                0x0800772c        0x2 CMakeFiles/STM_Link.dir/startup_stm32f103xb.s.obj
                0x0800772c                RTC_Alarm_IRQHandler
                0x0800772c                EXTI2_IRQHandler
                0x0800772c                TIM1_CC_IRQHandler
                0x0800772c                PVD_IRQHandler
                0x0800772c                EXTI3_IRQHandler
                0x0800772c                EXTI0_IRQHandler
                0x0800772c                I2C2_EV_IRQHandler
                0x0800772c                ADC1_2_IRQHandler
                0x0800772c                SPI1_IRQHandler
                0x0800772c                TAMPER_IRQHandler
                0x0800772c                DMA1_Channel4_IRQHandler
                0x0800772c                USART3_IRQHandler
                0x0800772c                RTC_IRQHandler
                0x0800772c                DMA1_Channel7_IRQHandler
                0x0800772c                CAN1_RX1_IRQHandler
                0x0800772c                TIM4_IRQHandler
                0x0800772c                I2C1_EV_IRQHandler
                0x0800772c                DMA1_Channel6_IRQHandler
                0x0800772c                TIM3_IRQHandler
                0x0800772c                RCC_IRQHandler
                0x0800772c                TIM1_TRG_COM_IRQHandler
                0x0800772c                DMA1_Channel1_IRQHandler
                0x0800772c                Default_Handler
                0x0800772c                EXTI15_10_IRQHandler
                0x0800772c                EXTI9_5_IRQHandler
                0x0800772c                SPI2_IRQHandler
                0x0800772c                DMA1_Channel5_IRQHandler
                0x0800772c                EXTI4_IRQHandler
                0x0800772c                USB_HP_CAN1_TX_IRQHandler
                0x0800772c                DMA1_Channel3_IRQHandler
                0x0800772c                TIM1_UP_IRQHandler
                0x0800772c                WWDG_IRQHandler
                0x0800772c                TIM2_IRQHandler
                0x0800772c                TIM1_BRK_IRQHandler
                0x0800772c                EXTI1_IRQHandler
                0x0800772c                USART2_IRQHandler
                0x0800772c                I2C2_ER_IRQHandler
                0x0800772c                DMA1_Channel2_IRQHandler
                0x0800772c                CAN1_SCE_IRQHandler
                0x0800772c                FLASH_IRQHandler
                0x0800772c                USART1_IRQHandler
                0x0800772c                I2C1_ER_IRQHandler
                0x0800772c                USBWakeUp_IRQHandler
 *fill*         0x0800772e        0x2 
 .text.systemStart
                0x08007730       0x34 CMakeFiles/STM_Link.dir/Source/Src/sys.cpp.obj
                0x08007730                systemStart
 .text.systemStartp
                0x08007764       0x34 CMakeFiles/STM_Link.dir/Source/Src/xx.c.obj
                0x08007764                systemStartp
 .text.cosf     0x08007798       0x68 C:/Toolchain/arm-gnu-toolchain-14.2.rel1-mingw-w64-i686-arm-none-eabi/bin/../lib/gcc/arm-none-eabi/14.2.1/thumb/v7-m/nofp\libm.a(libm_a-sf_cos.o)
                0x08007798                cosf
 .text.sinf     0x08007800       0x6c C:/Toolchain/arm-gnu-toolchain-14.2.rel1-mingw-w64-i686-arm-none-eabi/bin/../lib/gcc/arm-none-eabi/14.2.1/thumb/v7-m/nofp\libm.a(libm_a-sf_sin.o)
                0x08007800                sinf
 .text.__kernel_cosf
                0x0800786c      0x190 C:/Toolchain/arm-gnu-toolchain-14.2.rel1-mingw-w64-i686-arm-none-eabi/bin/../lib/gcc/arm-none-eabi/14.2.1/thumb/v7-m/nofp\libm.a(libm_a-kf_cos.o)
                0x0800786c                __kernel_cosf
 .text.__kernel_sinf
                0x080079fc       0xec C:/Toolchain/arm-gnu-toolchain-14.2.rel1-mingw-w64-i686-arm-none-eabi/bin/../lib/gcc/arm-none-eabi/14.2.1/thumb/v7-m/nofp\libm.a(libm_a-kf_sin.o)
                0x080079fc                __kernel_sinf
 .text.__ieee754_rem_pio2f
                0x08007ae8      0x2dc C:/Toolchain/arm-gnu-toolchain-14.2.rel1-mingw-w64-i686-arm-none-eabi/bin/../lib/gcc/arm-none-eabi/14.2.1/thumb/v7-m/nofp\libm.a(libm_a-ef_rem_pio2.o)
                0x08007ae8                __ieee754_rem_pio2f
 .text.fabsf    0x08007dc4        0x8 C:/Toolchain/arm-gnu-toolchain-14.2.rel1-mingw-w64-i686-arm-none-eabi/bin/../lib/gcc/arm-none-eabi/14.2.1/thumb/v7-m/nofp\libm.a(libm_a-sf_fabs.o)
                0x08007dc4                fabsf
 .text.__kernel_rem_pio2f
                0x08007dcc      0x774 C:/Toolchain/arm-gnu-toolchain-14.2.rel1-mingw-w64-i686-arm-none-eabi/bin/../lib/gcc/arm-none-eabi/14.2.1/thumb/v7-m/nofp\libm.a(libm_a-kf_rem_pio2.o)
                0x08007dcc                __kernel_rem_pio2f
 .text.scalbnf  0x08008540       0xb0 C:/Toolchain/arm-gnu-toolchain-14.2.rel1-mingw-w64-i686-arm-none-eabi/bin/../lib/gcc/arm-none-eabi/14.2.1/thumb/v7-m/nofp\libm.a(libm_a-sf_scalbn.o)
                0x08008540                scalbnf
 .text.floorf   0x080085f0       0x8c C:/Toolchain/arm-gnu-toolchain-14.2.rel1-mingw-w64-i686-arm-none-eabi/bin/../lib/gcc/arm-none-eabi/14.2.1/thumb/v7-m/nofp\libm.a(libm_a-sf_floor.o)
                0x080085f0                floorf
 .text.memset   0x0800867c       0x10 C:/Toolchain/arm-gnu-toolchain-14.2.rel1-mingw-w64-i686-arm-none-eabi/bin/../lib/gcc/arm-none-eabi/14.2.1/thumb/v7-m/nofp\libc_nano.a(libc_a-memset.o)
                0x0800867c                memset
 .text.__libc_init_array
                0x0800868c       0x48 C:/Toolchain/arm-gnu-toolchain-14.2.rel1-mingw-w64-i686-arm-none-eabi/bin/../lib/gcc/arm-none-eabi/14.2.1/thumb/v7-m/nofp\libc_nano.a(libc_a-init.o)
                0x0800868c                __libc_init_array
 *(.glue_7)
 .glue_7        0x080086d4        0x0 linker stubs
 *(.glue_7t)
 .glue_7t       0x080086d4        0x0 linker stubs
 *(.eh_frame)
 .eh_frame      0x080086d4        0x0 C:/Toolchain/arm-gnu-toolchain-14.2.rel1-mingw-w64-i686-arm-none-eabi/bin/../lib/gcc/arm-none-eabi/14.2.1/thumb/v7-m/nofp/crtbegin.o
 *(.init)
 .init          0x080086d4        0x4 C:/Toolchain/arm-gnu-toolchain-14.2.rel1-mingw-w64-i686-arm-none-eabi/bin/../lib/gcc/arm-none-eabi/14.2.1/thumb/v7-m/nofp/crti.o
                0x080086d4                _init
 .init          0x080086d8        0x8 C:/Toolchain/arm-gnu-toolchain-14.2.rel1-mingw-w64-i686-arm-none-eabi/bin/../lib/gcc/arm-none-eabi/14.2.1/thumb/v7-m/nofp/crtn.o
 *(.fini)
 .fini          0x080086e0        0x4 C:/Toolchain/arm-gnu-toolchain-14.2.rel1-mingw-w64-i686-arm-none-eabi/bin/../lib/gcc/arm-none-eabi/14.2.1/thumb/v7-m/nofp/crti.o
                0x080086e0                _fini
 .fini          0x080086e4        0x8 C:/Toolchain/arm-gnu-toolchain-14.2.rel1-mingw-w64-i686-arm-none-eabi/bin/../lib/gcc/arm-none-eabi/14.2.1/thumb/v7-m/nofp/crtn.o
                0x080086ec                        . = ALIGN (0x4)
                0x080086ec                        _etext = .

.vfp11_veneer   0x080086ec        0x0
 .vfp11_veneer  0x080086ec        0x0 linker stubs

.v4_bx          0x080086ec        0x0
 .v4_bx         0x080086ec        0x0 linker stubs

.iplt           0x080086ec        0x0
 .iplt          0x080086ec        0x0 C:/Toolchain/arm-gnu-toolchain-14.2.rel1-mingw-w64-i686-arm-none-eabi/bin/../lib/gcc/arm-none-eabi/14.2.1/thumb/v7-m/nofp/crtbegin.o

.rodata         0x080086ec      0x43c
                0x080086ec                        . = ALIGN (0x4)
 *(.rodata)
 .rodata        0x080086ec       0x46 CMakeFiles/STM_Link.dir/USB_DEVICE/App/usbd_desc.c.obj
 *(.rodata*)
 *fill*         0x08008732        0x2 
 .rodata.AHBPrescTable
                0x08008734       0x10 cmake/stm32cubemx/CMakeFiles/STM32_Drivers.dir/__/__/Core/Src/system_stm32f1xx.c.obj
                0x08008734                AHBPrescTable
 .rodata.aPLLMULFactorTable.1
                0x08008744       0x10 cmake/stm32cubemx/CMakeFiles/STM32_Drivers.dir/__/__/Drivers/STM32F1xx_HAL_Driver/Src/stm32f1xx_hal_rcc.c.obj
 .rodata.aPredivFactorTable.0
                0x08008754        0x2 cmake/stm32cubemx/CMakeFiles/STM32_Drivers.dir/__/__/Drivers/STM32F1xx_HAL_Driver/Src/stm32f1xx_hal_rcc.c.obj
 *fill*         0x08008756        0x2 
 .rodata.npio2_hw
                0x08008758       0x80 C:/Toolchain/arm-gnu-toolchain-14.2.rel1-mingw-w64-i686-arm-none-eabi/bin/../lib/gcc/arm-none-eabi/14.2.1/thumb/v7-m/nofp\libm.a(libm_a-ef_rem_pio2.o)
 .rodata.two_over_pi
                0x080087d8      0x318 C:/Toolchain/arm-gnu-toolchain-14.2.rel1-mingw-w64-i686-arm-none-eabi/bin/../lib/gcc/arm-none-eabi/14.2.1/thumb/v7-m/nofp\libm.a(libm_a-ef_rem_pio2.o)
 .rodata.PIo2   0x08008af0       0x2c C:/Toolchain/arm-gnu-toolchain-14.2.rel1-mingw-w64-i686-arm-none-eabi/bin/../lib/gcc/arm-none-eabi/14.2.1/thumb/v7-m/nofp\libm.a(libm_a-kf_rem_pio2.o)
 .rodata.init_jk
                0x08008b1c        0xc C:/Toolchain/arm-gnu-toolchain-14.2.rel1-mingw-w64-i686-arm-none-eabi/bin/../lib/gcc/arm-none-eabi/14.2.1/thumb/v7-m/nofp\libm.a(libm_a-kf_rem_pio2.o)
                0x08008b28                        . = ALIGN (0x4)

.ARM.extab      0x08008b28        0x0
                0x08008b28                        . = ALIGN (0x4)
 *(.ARM.extab* .gnu.linkonce.armextab.*)
                0x08008b28                        . = ALIGN (0x4)

.ARM            0x08008b28        0x0
                0x08008b28                        . = ALIGN (0x4)
                0x08008b28                        __exidx_start = .
 *(.ARM.exidx*)
                0x08008b28                        __exidx_end = .
                0x08008b28                        . = ALIGN (0x4)

.preinit_array  0x08008b28        0x0
                0x08008b28                        . = ALIGN (0x4)
                0x08008b28                        PROVIDE (__preinit_array_start = .)
 *(.preinit_array*)
                0x08008b28                        PROVIDE (__preinit_array_end = .)
                0x08008b28                        . = ALIGN (0x4)

.init_array     0x08008b28        0x4
                0x08008b28                        . = ALIGN (0x4)
                0x08008b28                        PROVIDE (__init_array_start = .)
 *(SORT_BY_NAME(.init_array.*))
 *(.init_array*)
 .init_array    0x08008b28        0x4 C:/Toolchain/arm-gnu-toolchain-14.2.rel1-mingw-w64-i686-arm-none-eabi/bin/../lib/gcc/arm-none-eabi/14.2.1/thumb/v7-m/nofp/crtbegin.o
                0x08008b2c                        PROVIDE (__init_array_end = .)
                0x08008b2c                        . = ALIGN (0x4)

.fini_array     0x08008b2c        0x4
                0x08008b2c                        . = ALIGN (0x4)
                [!provide]                        PROVIDE (__fini_array_start = .)
 *(SORT_BY_NAME(.fini_array.*))
 *(.fini_array*)
 .fini_array    0x08008b2c        0x4 C:/Toolchain/arm-gnu-toolchain-14.2.rel1-mingw-w64-i686-arm-none-eabi/bin/../lib/gcc/arm-none-eabi/14.2.1/thumb/v7-m/nofp/crtbegin.o
                [!provide]                        PROVIDE (__fini_array_end = .)
                0x08008b30                        . = ALIGN (0x4)
                0x08008b30                        _sidata = LOADADDR (.data)

.rel.dyn        0x08008b30        0x0
 .rel.iplt      0x08008b30        0x0 C:/Toolchain/arm-gnu-toolchain-14.2.rel1-mingw-w64-i686-arm-none-eabi/bin/../lib/gcc/arm-none-eabi/14.2.1/thumb/v7-m/nofp/crtbegin.o

.data           0x20000000      0x17c load address 0x08008b30
                0x20000000                        . = ALIGN (0x4)
                0x20000000                        _sdata = .
 *(.data)
 *(.data*)
 .data.SystemCoreClock
                0x20000000        0x4 cmake/stm32cubemx/CMakeFiles/STM32_Drivers.dir/__/__/Core/Src/system_stm32f1xx.c.obj
                0x20000000                SystemCoreClock
 .data.uwTickPrio
                0x20000004        0x4 cmake/stm32cubemx/CMakeFiles/STM32_Drivers.dir/__/__/Drivers/STM32F1xx_HAL_Driver/Src/stm32f1xx_hal.c.obj
                0x20000004                uwTickPrio
 .data.uwTickFreq
                0x20000008        0x1 cmake/stm32cubemx/CMakeFiles/STM32_Drivers.dir/__/__/Drivers/STM32F1xx_HAL_Driver/Src/stm32f1xx_hal.c.obj
                0x20000008                uwTickFreq
 *fill*         0x20000009        0x3 
 .data.USBD_CDC_DeviceQualifierDesc
                0x2000000c        0xa cmake/stm32cubemx/CMakeFiles/USB_Device_Library.dir/__/__/Middlewares/ST/STM32_USB_Device_Library/Class/CDC/Src/usbd_cdc.c.obj
 *fill*         0x20000016        0x2 
 .data.USBD_CDC
                0x20000018       0x38 cmake/stm32cubemx/CMakeFiles/USB_Device_Library.dir/__/__/Middlewares/ST/STM32_USB_Device_Library/Class/CDC/Src/usbd_cdc.c.obj
                0x20000018                USBD_CDC
 .data.USBD_CDC_CfgHSDesc
                0x20000050       0x43 cmake/stm32cubemx/CMakeFiles/USB_Device_Library.dir/__/__/Middlewares/ST/STM32_USB_Device_Library/Class/CDC/Src/usbd_cdc.c.obj
                0x20000050                USBD_CDC_CfgHSDesc
 *fill*         0x20000093        0x1 
 .data.USBD_CDC_CfgFSDesc
                0x20000094       0x43 cmake/stm32cubemx/CMakeFiles/USB_Device_Library.dir/__/__/Middlewares/ST/STM32_USB_Device_Library/Class/CDC/Src/usbd_cdc.c.obj
                0x20000094                USBD_CDC_CfgFSDesc
 *fill*         0x200000d7        0x1 
 .data.USBD_CDC_OtherSpeedCfgDesc
                0x200000d8       0x43 cmake/stm32cubemx/CMakeFiles/USB_Device_Library.dir/__/__/Middlewares/ST/STM32_USB_Device_Library/Class/CDC/Src/usbd_cdc.c.obj
                0x200000d8                USBD_CDC_OtherSpeedCfgDesc
 *fill*         0x2000011b        0x1 
 .data.FS_Desc  0x2000011c       0x1c CMakeFiles/STM_Link.dir/USB_DEVICE/App/usbd_desc.c.obj
                0x2000011c                FS_Desc
 .data.USBD_FS_DeviceDesc
                0x20000138       0x12 CMakeFiles/STM_Link.dir/USB_DEVICE/App/usbd_desc.c.obj
                0x20000138                USBD_FS_DeviceDesc
 *fill*         0x2000014a        0x2 
 .data.USBD_LangIDDesc
                0x2000014c        0x4 CMakeFiles/STM_Link.dir/USB_DEVICE/App/usbd_desc.c.obj
                0x2000014c                USBD_LangIDDesc
 .data.USBD_StringSerial
                0x20000150       0x1a CMakeFiles/STM_Link.dir/USB_DEVICE/App/usbd_desc.c.obj
                0x20000150                USBD_StringSerial
 *fill*         0x2000016a        0x2 
 .data.USBD_Interface_fops_FS
                0x2000016c       0x10 CMakeFiles/STM_Link.dir/USB_DEVICE/App/usbd_cdc_if.c.obj
                0x2000016c                USBD_Interface_fops_FS
 *(.RamFunc)
 *(.RamFunc*)
                0x2000017c                        . = ALIGN (0x4)
                0x2000017c                        _edata = .

.tm_clone_table
                0x2000017c        0x0 load address 0x08008cac
 .tm_clone_table
                0x2000017c        0x0 C:/Toolchain/arm-gnu-toolchain-14.2.rel1-mingw-w64-i686-arm-none-eabi/bin/../lib/gcc/arm-none-eabi/14.2.1/thumb/v7-m/nofp/crtbegin.o
 .tm_clone_table
                0x2000017c        0x0 C:/Toolchain/arm-gnu-toolchain-14.2.rel1-mingw-w64-i686-arm-none-eabi/bin/../lib/gcc/arm-none-eabi/14.2.1/thumb/v7-m/nofp/crtend.o

.igot.plt       0x2000017c        0x0 load address 0x08008cac
 .igot.plt      0x2000017c        0x0 C:/Toolchain/arm-gnu-toolchain-14.2.rel1-mingw-w64-i686-arm-none-eabi/bin/../lib/gcc/arm-none-eabi/14.2.1/thumb/v7-m/nofp/crtbegin.o
                0x2000017c                        . = ALIGN (0x4)

.bss            0x2000017c     0x11e8 load address 0x08008cac
                0x2000017c                        _sbss = .
                0x2000017c                        __bss_start__ = _sbss
 *(.bss)
 *(.bss*)
 .bss.completed.1
                0x2000017c        0x1 C:/Toolchain/arm-gnu-toolchain-14.2.rel1-mingw-w64-i686-arm-none-eabi/bin/../lib/gcc/arm-none-eabi/14.2.1/thumb/v7-m/nofp/crtbegin.o
 *fill*         0x2000017d        0x3 
 .bss.object.0  0x20000180       0x18 C:/Toolchain/arm-gnu-toolchain-14.2.rel1-mingw-w64-i686-arm-none-eabi/bin/../lib/gcc/arm-none-eabi/14.2.1/thumb/v7-m/nofp/crtbegin.o
 .bss.uwTick    0x20000198        0x4 cmake/stm32cubemx/CMakeFiles/STM32_Drivers.dir/__/__/Drivers/STM32F1xx_HAL_Driver/Src/stm32f1xx_hal.c.obj
                0x20000198                uwTick
 .bss.cfgidx.0  0x2000019c        0x1 cmake/stm32cubemx/CMakeFiles/USB_Device_Library.dir/__/__/Middlewares/ST/STM32_USB_Device_Library/Core/Src/usbd_ctlreq.c.obj
 *fill*         0x2000019d        0x3 
 .bss.hpcd_USB_FS
                0x200001a0      0x2d8 CMakeFiles/STM_Link.dir/USB_DEVICE/Target/usbd_conf.c.obj
                0x200001a0                hpcd_USB_FS
 .bss.mem.0     0x20000478      0x220 CMakeFiles/STM_Link.dir/USB_DEVICE/Target/usbd_conf.c.obj
 .bss.hUsbDeviceFS
                0x20000698      0x2c4 CMakeFiles/STM_Link.dir/USB_DEVICE/App/usb_device.c.obj
                0x20000698                hUsbDeviceFS
 .bss.USBD_StrDesc
                0x2000095c      0x200 CMakeFiles/STM_Link.dir/USB_DEVICE/App/usbd_desc.c.obj
                0x2000095c                USBD_StrDesc
 .bss.UserRxBufferFS
                0x20000b5c      0x400 CMakeFiles/STM_Link.dir/USB_DEVICE/App/usbd_cdc_if.c.obj
                0x20000b5c                UserRxBufferFS
 .bss.UserTxBufferFS
                0x20000f5c      0x400 CMakeFiles/STM_Link.dir/USB_DEVICE/App/usbd_cdc_if.c.obj
                0x20000f5c                UserTxBufferFS
 .bss.sign2     0x2000135c        0x4 CMakeFiles/STM_Link.dir/Source/Src/sys.cpp.obj
                0x2000135c                sign2
 .bss.sign      0x20001360        0x4 CMakeFiles/STM_Link.dir/Source/Src/xx.c.obj
                0x20001360                sign
 *(COMMON)
                0x20001364                        . = ALIGN (0x4)
                0x20001364                        _ebss = .
                0x20001364                        __bss_end__ = _ebss

._user_heap_stack
                0x20001364      0x604 load address 0x08008cac
                0x20001368                        . = ALIGN (0x8)
 *fill*         0x20001364        0x4 
                [!provide]                        PROVIDE (end = .)
                0x20001368                        PROVIDE (_end = .)
                0x20001568                        . = (. + _Min_Heap_Size)
 *fill*         0x20001368      0x200 
                0x20001968                        . = (. + _Min_Stack_Size)
 *fill*         0x20001568      0x400 
                0x20001968                        . = ALIGN (0x8)

/DISCARD/
 libc.a(*)
 libm.a(*)
 libgcc.a(*)
OUTPUT(STM_Link.elf elf32-littlearm)
LOAD linker stubs
LOAD C:/Toolchain/arm-gnu-toolchain-14.2.rel1-mingw-w64-i686-arm-none-eabi/bin/../lib/gcc/arm-none-eabi/14.2.1/thumb/v7-m/nofp\libc.a
LOAD C:/Toolchain/arm-gnu-toolchain-14.2.rel1-mingw-w64-i686-arm-none-eabi/bin/../lib/gcc/arm-none-eabi/14.2.1/thumb/v7-m/nofp\libm.a
LOAD C:/Toolchain/arm-gnu-toolchain-14.2.rel1-mingw-w64-i686-arm-none-eabi/bin/../lib/gcc/arm-none-eabi/14.2.1/thumb/v7-m/nofp\libgcc.a

.ARM.attributes
                0x00000000       0x29
 .ARM.attributes
                0x00000000       0x1d C:/Toolchain/arm-gnu-toolchain-14.2.rel1-mingw-w64-i686-arm-none-eabi/bin/../lib/gcc/arm-none-eabi/14.2.1/thumb/v7-m/nofp/crti.o
 .ARM.attributes
                0x0000001d       0x2d C:/Toolchain/arm-gnu-toolchain-14.2.rel1-mingw-w64-i686-arm-none-eabi/bin/../lib/gcc/arm-none-eabi/14.2.1/thumb/v7-m/nofp/crtbegin.o
 .ARM.attributes
                0x0000004a       0x2d cmake/stm32cubemx/CMakeFiles/STM32_Drivers.dir/__/__/Core/Src/system_stm32f1xx.c.obj
 .ARM.attributes
                0x00000077       0x2d cmake/stm32cubemx/CMakeFiles/STM32_Drivers.dir/__/__/Drivers/STM32F1xx_HAL_Driver/Src/stm32f1xx_hal_pcd.c.obj
 .ARM.attributes
                0x000000a4       0x2d cmake/stm32cubemx/CMakeFiles/STM32_Drivers.dir/__/__/Drivers/STM32F1xx_HAL_Driver/Src/stm32f1xx_hal_pcd_ex.c.obj
 .ARM.attributes
                0x000000d1       0x2d cmake/stm32cubemx/CMakeFiles/STM32_Drivers.dir/__/__/Drivers/STM32F1xx_HAL_Driver/Src/stm32f1xx_ll_usb.c.obj
 .ARM.attributes
                0x000000fe       0x2d cmake/stm32cubemx/CMakeFiles/STM32_Drivers.dir/__/__/Drivers/STM32F1xx_HAL_Driver/Src/stm32f1xx_hal.c.obj
 .ARM.attributes
                0x0000012b       0x2d cmake/stm32cubemx/CMakeFiles/STM32_Drivers.dir/__/__/Drivers/STM32F1xx_HAL_Driver/Src/stm32f1xx_hal_rcc.c.obj
 .ARM.attributes
                0x00000158       0x2d cmake/stm32cubemx/CMakeFiles/STM32_Drivers.dir/__/__/Drivers/STM32F1xx_HAL_Driver/Src/stm32f1xx_hal_rcc_ex.c.obj
 .ARM.attributes
                0x00000185       0x2d cmake/stm32cubemx/CMakeFiles/STM32_Drivers.dir/__/__/Drivers/STM32F1xx_HAL_Driver/Src/stm32f1xx_hal_cortex.c.obj
 .ARM.attributes
                0x000001b2       0x2d cmake/stm32cubemx/CMakeFiles/USB_Device_Library.dir/__/__/Middlewares/ST/STM32_USB_Device_Library/Core/Src/usbd_core.c.obj
 .ARM.attributes
                0x000001df       0x2d cmake/stm32cubemx/CMakeFiles/USB_Device_Library.dir/__/__/Middlewares/ST/STM32_USB_Device_Library/Core/Src/usbd_ctlreq.c.obj
 .ARM.attributes
                0x0000020c       0x2d cmake/stm32cubemx/CMakeFiles/USB_Device_Library.dir/__/__/Middlewares/ST/STM32_USB_Device_Library/Core/Src/usbd_ioreq.c.obj
 .ARM.attributes
                0x00000239       0x2d cmake/stm32cubemx/CMakeFiles/USB_Device_Library.dir/__/__/Middlewares/ST/STM32_USB_Device_Library/Class/CDC/Src/usbd_cdc.c.obj
 .ARM.attributes
                0x00000266       0x2d CMakeFiles/STM_Link.dir/USB_DEVICE/Target/usbd_conf.c.obj
 .ARM.attributes
                0x00000293       0x2d CMakeFiles/STM_Link.dir/USB_DEVICE/App/usb_device.c.obj
 .ARM.attributes
                0x000002c0       0x2d CMakeFiles/STM_Link.dir/USB_DEVICE/App/usbd_desc.c.obj
 .ARM.attributes
                0x000002ed       0x2d CMakeFiles/STM_Link.dir/USB_DEVICE/App/usbd_cdc_if.c.obj
 .ARM.attributes
                0x0000031a       0x2d CMakeFiles/STM_Link.dir/Core/Src/main.c.obj
 .ARM.attributes
                0x00000347       0x2d CMakeFiles/STM_Link.dir/Core/Src/gpio.c.obj
 .ARM.attributes
                0x00000374       0x2d CMakeFiles/STM_Link.dir/Core/Src/stm32f1xx_it.c.obj
 .ARM.attributes
                0x000003a1       0x2d CMakeFiles/STM_Link.dir/Core/Src/stm32f1xx_hal_msp.c.obj
 .ARM.attributes
                0x000003ce       0x21 CMakeFiles/STM_Link.dir/startup_stm32f103xb.s.obj
 .ARM.attributes
                0x000003ef       0x2d CMakeFiles/STM_Link.dir/Source/Src/sys.cpp.obj
 .ARM.attributes
                0x0000041c       0x2d CMakeFiles/STM_Link.dir/Source/Src/xx.c.obj
 .ARM.attributes
                0x00000449       0x2d C:/Toolchain/arm-gnu-toolchain-14.2.rel1-mingw-w64-i686-arm-none-eabi/bin/../lib/gcc/arm-none-eabi/14.2.1/thumb/v7-m/nofp\libm.a(libm_a-sf_cos.o)
 .ARM.attributes
                0x00000476       0x2d C:/Toolchain/arm-gnu-toolchain-14.2.rel1-mingw-w64-i686-arm-none-eabi/bin/../lib/gcc/arm-none-eabi/14.2.1/thumb/v7-m/nofp\libm.a(libm_a-sf_sin.o)
 .ARM.attributes
                0x000004a3       0x2d C:/Toolchain/arm-gnu-toolchain-14.2.rel1-mingw-w64-i686-arm-none-eabi/bin/../lib/gcc/arm-none-eabi/14.2.1/thumb/v7-m/nofp\libm.a(libm_a-kf_cos.o)
 .ARM.attributes
                0x000004d0       0x2d C:/Toolchain/arm-gnu-toolchain-14.2.rel1-mingw-w64-i686-arm-none-eabi/bin/../lib/gcc/arm-none-eabi/14.2.1/thumb/v7-m/nofp\libm.a(libm_a-kf_sin.o)
 .ARM.attributes
                0x000004fd       0x2d C:/Toolchain/arm-gnu-toolchain-14.2.rel1-mingw-w64-i686-arm-none-eabi/bin/../lib/gcc/arm-none-eabi/14.2.1/thumb/v7-m/nofp\libm.a(libm_a-ef_rem_pio2.o)
 .ARM.attributes
                0x0000052a       0x2d C:/Toolchain/arm-gnu-toolchain-14.2.rel1-mingw-w64-i686-arm-none-eabi/bin/../lib/gcc/arm-none-eabi/14.2.1/thumb/v7-m/nofp\libm.a(libm_a-sf_fabs.o)
 .ARM.attributes
                0x00000557       0x2d C:/Toolchain/arm-gnu-toolchain-14.2.rel1-mingw-w64-i686-arm-none-eabi/bin/../lib/gcc/arm-none-eabi/14.2.1/thumb/v7-m/nofp\libm.a(libm_a-kf_rem_pio2.o)
 .ARM.attributes
                0x00000584       0x2d C:/Toolchain/arm-gnu-toolchain-14.2.rel1-mingw-w64-i686-arm-none-eabi/bin/../lib/gcc/arm-none-eabi/14.2.1/thumb/v7-m/nofp\libm.a(libm_a-sf_scalbn.o)
 .ARM.attributes
                0x000005b1       0x2d C:/Toolchain/arm-gnu-toolchain-14.2.rel1-mingw-w64-i686-arm-none-eabi/bin/../lib/gcc/arm-none-eabi/14.2.1/thumb/v7-m/nofp\libm.a(libm_a-sf_floor.o)
 .ARM.attributes
                0x000005de       0x2d C:/Toolchain/arm-gnu-toolchain-14.2.rel1-mingw-w64-i686-arm-none-eabi/bin/../lib/gcc/arm-none-eabi/14.2.1/thumb/v7-m/nofp\libc_nano.a(libc_a-memset.o)
 .ARM.attributes
                0x0000060b       0x2d C:/Toolchain/arm-gnu-toolchain-14.2.rel1-mingw-w64-i686-arm-none-eabi/bin/../lib/gcc/arm-none-eabi/14.2.1/thumb/v7-m/nofp\libc_nano.a(libc_a-init.o)
 .ARM.attributes
                0x00000638       0x1d C:/Toolchain/arm-gnu-toolchain-14.2.rel1-mingw-w64-i686-arm-none-eabi/bin/../lib/gcc/arm-none-eabi/14.2.1/thumb/v7-m/nofp\libgcc.a(_arm_addsubsf3.o)
 .ARM.attributes
                0x00000655       0x1d C:/Toolchain/arm-gnu-toolchain-14.2.rel1-mingw-w64-i686-arm-none-eabi/bin/../lib/gcc/arm-none-eabi/14.2.1/thumb/v7-m/nofp\libgcc.a(_arm_muldivsf3.o)
 .ARM.attributes
                0x00000672       0x1d C:/Toolchain/arm-gnu-toolchain-14.2.rel1-mingw-w64-i686-arm-none-eabi/bin/../lib/gcc/arm-none-eabi/14.2.1/thumb/v7-m/nofp\libgcc.a(_arm_cmpsf2.o)
 .ARM.attributes
                0x0000068f       0x1d C:/Toolchain/arm-gnu-toolchain-14.2.rel1-mingw-w64-i686-arm-none-eabi/bin/../lib/gcc/arm-none-eabi/14.2.1/thumb/v7-m/nofp\libgcc.a(_arm_fixsfsi.o)
 .ARM.attributes
                0x000006ac       0x2d C:/Toolchain/arm-gnu-toolchain-14.2.rel1-mingw-w64-i686-arm-none-eabi/bin/../lib/gcc/arm-none-eabi/14.2.1/thumb/v7-m/nofp/crtend.o
 .ARM.attributes
                0x000006d9       0x1d C:/Toolchain/arm-gnu-toolchain-14.2.rel1-mingw-w64-i686-arm-none-eabi/bin/../lib/gcc/arm-none-eabi/14.2.1/thumb/v7-m/nofp/crtn.o

.comment        0x00000000       0x45
 .comment       0x00000000       0x45 cmake/stm32cubemx/CMakeFiles/STM32_Drivers.dir/__/__/Core/Src/system_stm32f1xx.c.obj
                                 0x46 (size before relaxing)
 .comment       0x00000045       0x46 cmake/stm32cubemx/CMakeFiles/STM32_Drivers.dir/__/__/Drivers/STM32F1xx_HAL_Driver/Src/stm32f1xx_hal_pcd.c.obj
 .comment       0x00000045       0x46 cmake/stm32cubemx/CMakeFiles/STM32_Drivers.dir/__/__/Drivers/STM32F1xx_HAL_Driver/Src/stm32f1xx_hal_pcd_ex.c.obj
 .comment       0x00000045       0x46 cmake/stm32cubemx/CMakeFiles/STM32_Drivers.dir/__/__/Drivers/STM32F1xx_HAL_Driver/Src/stm32f1xx_ll_usb.c.obj
 .comment       0x00000045       0x46 cmake/stm32cubemx/CMakeFiles/STM32_Drivers.dir/__/__/Drivers/STM32F1xx_HAL_Driver/Src/stm32f1xx_hal.c.obj
 .comment       0x00000045       0x46 cmake/stm32cubemx/CMakeFiles/STM32_Drivers.dir/__/__/Drivers/STM32F1xx_HAL_Driver/Src/stm32f1xx_hal_rcc.c.obj
 .comment       0x00000045       0x46 cmake/stm32cubemx/CMakeFiles/STM32_Drivers.dir/__/__/Drivers/STM32F1xx_HAL_Driver/Src/stm32f1xx_hal_rcc_ex.c.obj
 .comment       0x00000045       0x46 cmake/stm32cubemx/CMakeFiles/STM32_Drivers.dir/__/__/Drivers/STM32F1xx_HAL_Driver/Src/stm32f1xx_hal_cortex.c.obj
 .comment       0x00000045       0x46 cmake/stm32cubemx/CMakeFiles/USB_Device_Library.dir/__/__/Middlewares/ST/STM32_USB_Device_Library/Core/Src/usbd_core.c.obj
 .comment       0x00000045       0x46 cmake/stm32cubemx/CMakeFiles/USB_Device_Library.dir/__/__/Middlewares/ST/STM32_USB_Device_Library/Core/Src/usbd_ctlreq.c.obj
 .comment       0x00000045       0x46 cmake/stm32cubemx/CMakeFiles/USB_Device_Library.dir/__/__/Middlewares/ST/STM32_USB_Device_Library/Core/Src/usbd_ioreq.c.obj
 .comment       0x00000045       0x46 cmake/stm32cubemx/CMakeFiles/USB_Device_Library.dir/__/__/Middlewares/ST/STM32_USB_Device_Library/Class/CDC/Src/usbd_cdc.c.obj
 .comment       0x00000045       0x46 CMakeFiles/STM_Link.dir/USB_DEVICE/Target/usbd_conf.c.obj
 .comment       0x00000045       0x46 CMakeFiles/STM_Link.dir/USB_DEVICE/App/usb_device.c.obj
 .comment       0x00000045       0x46 CMakeFiles/STM_Link.dir/USB_DEVICE/App/usbd_desc.c.obj
 .comment       0x00000045       0x46 CMakeFiles/STM_Link.dir/USB_DEVICE/App/usbd_cdc_if.c.obj
 .comment       0x00000045       0x46 CMakeFiles/STM_Link.dir/Core/Src/main.c.obj
 .comment       0x00000045       0x46 CMakeFiles/STM_Link.dir/Core/Src/gpio.c.obj
 .comment       0x00000045       0x46 CMakeFiles/STM_Link.dir/Core/Src/stm32f1xx_it.c.obj
 .comment       0x00000045       0x46 CMakeFiles/STM_Link.dir/Core/Src/stm32f1xx_hal_msp.c.obj
 .comment       0x00000045       0x46 CMakeFiles/STM_Link.dir/Source/Src/sys.cpp.obj
 .comment       0x00000045       0x46 CMakeFiles/STM_Link.dir/Source/Src/xx.c.obj

.debug_info     0x00000000     0xcd04
 .debug_info    0x00000000      0x222 cmake/stm32cubemx/CMakeFiles/STM32_Drivers.dir/__/__/Core/Src/system_stm32f1xx.c.obj
 .debug_info    0x00000222     0x16dc cmake/stm32cubemx/CMakeFiles/STM32_Drivers.dir/__/__/Drivers/STM32F1xx_HAL_Driver/Src/stm32f1xx_hal_pcd.c.obj
 .debug_info    0x000018fe      0x6c3 cmake/stm32cubemx/CMakeFiles/STM32_Drivers.dir/__/__/Drivers/STM32F1xx_HAL_Driver/Src/stm32f1xx_hal_pcd_ex.c.obj
 .debug_info    0x00001fc1     0x17ae cmake/stm32cubemx/CMakeFiles/STM32_Drivers.dir/__/__/Drivers/STM32F1xx_HAL_Driver/Src/stm32f1xx_ll_usb.c.obj
 .debug_info    0x0000376f      0x704 cmake/stm32cubemx/CMakeFiles/STM32_Drivers.dir/__/__/Drivers/STM32F1xx_HAL_Driver/Src/stm32f1xx_hal.c.obj
 .debug_info    0x00003e73      0x7d5 cmake/stm32cubemx/CMakeFiles/STM32_Drivers.dir/__/__/Drivers/STM32F1xx_HAL_Driver/Src/stm32f1xx_hal_rcc.c.obj
 .debug_info    0x00004648      0x3c0 cmake/stm32cubemx/CMakeFiles/STM32_Drivers.dir/__/__/Drivers/STM32F1xx_HAL_Driver/Src/stm32f1xx_hal_rcc_ex.c.obj
 .debug_info    0x00004a08      0xa87 cmake/stm32cubemx/CMakeFiles/STM32_Drivers.dir/__/__/Drivers/STM32F1xx_HAL_Driver/Src/stm32f1xx_hal_cortex.c.obj
 .debug_info    0x0000548f      0xa52 cmake/stm32cubemx/CMakeFiles/USB_Device_Library.dir/__/__/Middlewares/ST/STM32_USB_Device_Library/Core/Src/usbd_core.c.obj
 .debug_info    0x00005ee1      0x91c cmake/stm32cubemx/CMakeFiles/USB_Device_Library.dir/__/__/Middlewares/ST/STM32_USB_Device_Library/Core/Src/usbd_ctlreq.c.obj
 .debug_info    0x000067fd      0x6a0 cmake/stm32cubemx/CMakeFiles/USB_Device_Library.dir/__/__/Middlewares/ST/STM32_USB_Device_Library/Core/Src/usbd_ioreq.c.obj
 .debug_info    0x00006e9d     0x1043 cmake/stm32cubemx/CMakeFiles/USB_Device_Library.dir/__/__/Middlewares/ST/STM32_USB_Device_Library/Class/CDC/Src/usbd_cdc.c.obj
 .debug_info    0x00007ee0     0x1864 CMakeFiles/STM_Link.dir/USB_DEVICE/Target/usbd_conf.c.obj
 .debug_info    0x00009744      0x63d CMakeFiles/STM_Link.dir/USB_DEVICE/App/usb_device.c.obj
 .debug_info    0x00009d81      0x44a CMakeFiles/STM_Link.dir/USB_DEVICE/App/usbd_desc.c.obj
 .debug_info    0x0000a1cb      0x7ec CMakeFiles/STM_Link.dir/USB_DEVICE/App/usbd_cdc_if.c.obj
 .debug_info    0x0000a9b7      0x31b CMakeFiles/STM_Link.dir/Core/Src/main.c.obj
 .debug_info    0x0000acd2      0x169 CMakeFiles/STM_Link.dir/Core/Src/gpio.c.obj
 .debug_info    0x0000ae3b      0x602 CMakeFiles/STM_Link.dir/Core/Src/stm32f1xx_it.c.obj
 .debug_info    0x0000b43d      0x1f1 CMakeFiles/STM_Link.dir/Core/Src/stm32f1xx_hal_msp.c.obj
 .debug_info    0x0000b62e       0x30 CMakeFiles/STM_Link.dir/startup_stm32f103xb.s.obj
 .debug_info    0x0000b65e     0x15b9 CMakeFiles/STM_Link.dir/Source/Src/sys.cpp.obj
 .debug_info    0x0000cc17       0xed CMakeFiles/STM_Link.dir/Source/Src/xx.c.obj

.debug_abbrev   0x00000000     0x29c2
 .debug_abbrev  0x00000000      0x13f cmake/stm32cubemx/CMakeFiles/STM32_Drivers.dir/__/__/Core/Src/system_stm32f1xx.c.obj
 .debug_abbrev  0x0000013f      0x2d6 cmake/stm32cubemx/CMakeFiles/STM32_Drivers.dir/__/__/Drivers/STM32F1xx_HAL_Driver/Src/stm32f1xx_hal_pcd.c.obj
 .debug_abbrev  0x00000415      0x189 cmake/stm32cubemx/CMakeFiles/STM32_Drivers.dir/__/__/Drivers/STM32F1xx_HAL_Driver/Src/stm32f1xx_hal_pcd_ex.c.obj
 .debug_abbrev  0x0000059e      0x1de cmake/stm32cubemx/CMakeFiles/STM32_Drivers.dir/__/__/Drivers/STM32F1xx_HAL_Driver/Src/stm32f1xx_ll_usb.c.obj
 .debug_abbrev  0x0000077c      0x201 cmake/stm32cubemx/CMakeFiles/STM32_Drivers.dir/__/__/Drivers/STM32F1xx_HAL_Driver/Src/stm32f1xx_hal.c.obj
 .debug_abbrev  0x0000097d      0x2b3 cmake/stm32cubemx/CMakeFiles/STM32_Drivers.dir/__/__/Drivers/STM32F1xx_HAL_Driver/Src/stm32f1xx_hal_rcc.c.obj
 .debug_abbrev  0x00000c30      0x188 cmake/stm32cubemx/CMakeFiles/STM32_Drivers.dir/__/__/Drivers/STM32F1xx_HAL_Driver/Src/stm32f1xx_hal_rcc_ex.c.obj
 .debug_abbrev  0x00000db8      0x2f8 cmake/stm32cubemx/CMakeFiles/STM32_Drivers.dir/__/__/Drivers/STM32F1xx_HAL_Driver/Src/stm32f1xx_hal_cortex.c.obj
 .debug_abbrev  0x000010b0      0x24a cmake/stm32cubemx/CMakeFiles/USB_Device_Library.dir/__/__/Middlewares/ST/STM32_USB_Device_Library/Core/Src/usbd_core.c.obj
 .debug_abbrev  0x000012fa      0x26b cmake/stm32cubemx/CMakeFiles/USB_Device_Library.dir/__/__/Middlewares/ST/STM32_USB_Device_Library/Core/Src/usbd_ctlreq.c.obj
 .debug_abbrev  0x00001565      0x192 cmake/stm32cubemx/CMakeFiles/USB_Device_Library.dir/__/__/Middlewares/ST/STM32_USB_Device_Library/Core/Src/usbd_ioreq.c.obj
 .debug_abbrev  0x000016f7      0x2d3 cmake/stm32cubemx/CMakeFiles/USB_Device_Library.dir/__/__/Middlewares/ST/STM32_USB_Device_Library/Class/CDC/Src/usbd_cdc.c.obj
 .debug_abbrev  0x000019ca      0x316 CMakeFiles/STM_Link.dir/USB_DEVICE/Target/usbd_conf.c.obj
 .debug_abbrev  0x00001ce0      0x18d CMakeFiles/STM_Link.dir/USB_DEVICE/App/usb_device.c.obj
 .debug_abbrev  0x00001e6d      0x1ff CMakeFiles/STM_Link.dir/USB_DEVICE/App/usbd_desc.c.obj
 .debug_abbrev  0x0000206c      0x25d CMakeFiles/STM_Link.dir/USB_DEVICE/App/usbd_cdc_if.c.obj
 .debug_abbrev  0x000022c9      0x193 CMakeFiles/STM_Link.dir/Core/Src/main.c.obj
 .debug_abbrev  0x0000245c       0xc6 CMakeFiles/STM_Link.dir/Core/Src/gpio.c.obj
 .debug_abbrev  0x00002522      0x192 CMakeFiles/STM_Link.dir/Core/Src/stm32f1xx_it.c.obj
 .debug_abbrev  0x000026b4       0xdb CMakeFiles/STM_Link.dir/Core/Src/stm32f1xx_hal_msp.c.obj
 .debug_abbrev  0x0000278f       0x24 CMakeFiles/STM_Link.dir/startup_stm32f103xb.s.obj
 .debug_abbrev  0x000027b3      0x175 CMakeFiles/STM_Link.dir/Source/Src/sys.cpp.obj
 .debug_abbrev  0x00002928       0x9a CMakeFiles/STM_Link.dir/Source/Src/xx.c.obj

.debug_aranges  0x00000000      0xa70
 .debug_aranges
                0x00000000       0x28 cmake/stm32cubemx/CMakeFiles/STM32_Drivers.dir/__/__/Core/Src/system_stm32f1xx.c.obj
 .debug_aranges
                0x00000028      0x140 cmake/stm32cubemx/CMakeFiles/STM32_Drivers.dir/__/__/Drivers/STM32F1xx_HAL_Driver/Src/stm32f1xx_hal_pcd.c.obj
 .debug_aranges
                0x00000168       0x38 cmake/stm32cubemx/CMakeFiles/STM32_Drivers.dir/__/__/Drivers/STM32F1xx_HAL_Driver/Src/stm32f1xx_hal_pcd_ex.c.obj
 .debug_aranges
                0x000001a0       0xf8 cmake/stm32cubemx/CMakeFiles/STM32_Drivers.dir/__/__/Drivers/STM32F1xx_HAL_Driver/Src/stm32f1xx_ll_usb.c.obj
 .debug_aranges
                0x00000298       0xe0 cmake/stm32cubemx/CMakeFiles/STM32_Drivers.dir/__/__/Drivers/STM32F1xx_HAL_Driver/Src/stm32f1xx_hal.c.obj
 .debug_aranges
                0x00000378       0x90 cmake/stm32cubemx/CMakeFiles/STM32_Drivers.dir/__/__/Drivers/STM32F1xx_HAL_Driver/Src/stm32f1xx_hal_rcc.c.obj
 .debug_aranges
                0x00000408       0x30 cmake/stm32cubemx/CMakeFiles/STM32_Drivers.dir/__/__/Drivers/STM32F1xx_HAL_Driver/Src/stm32f1xx_hal_rcc_ex.c.obj
 .debug_aranges
                0x00000438      0x100 cmake/stm32cubemx/CMakeFiles/STM32_Drivers.dir/__/__/Drivers/STM32F1xx_HAL_Driver/Src/stm32f1xx_hal_cortex.c.obj
 .debug_aranges
                0x00000538       0xb8 cmake/stm32cubemx/CMakeFiles/USB_Device_Library.dir/__/__/Middlewares/ST/STM32_USB_Device_Library/Core/Src/usbd_core.c.obj
 .debug_aranges
                0x000005f0       0x88 cmake/stm32cubemx/CMakeFiles/USB_Device_Library.dir/__/__/Middlewares/ST/STM32_USB_Device_Library/Core/Src/usbd_ctlreq.c.obj
 .debug_aranges
                0x00000678       0x50 cmake/stm32cubemx/CMakeFiles/USB_Device_Library.dir/__/__/Middlewares/ST/STM32_USB_Device_Library/Core/Src/usbd_ioreq.c.obj
 .debug_aranges
                0x000006c8       0x90 cmake/stm32cubemx/CMakeFiles/USB_Device_Library.dir/__/__/Middlewares/ST/STM32_USB_Device_Library/Class/CDC/Src/usbd_cdc.c.obj
 .debug_aranges
                0x00000758      0x118 CMakeFiles/STM_Link.dir/USB_DEVICE/Target/usbd_conf.c.obj
 .debug_aranges
                0x00000870       0x20 CMakeFiles/STM_Link.dir/USB_DEVICE/App/usb_device.c.obj
 .debug_aranges
                0x00000890       0x60 CMakeFiles/STM_Link.dir/USB_DEVICE/App/usbd_desc.c.obj
 .debug_aranges
                0x000008f0       0x40 CMakeFiles/STM_Link.dir/USB_DEVICE/App/usbd_cdc_if.c.obj
 .debug_aranges
                0x00000930       0x30 CMakeFiles/STM_Link.dir/Core/Src/main.c.obj
 .debug_aranges
                0x00000960       0x20 CMakeFiles/STM_Link.dir/Core/Src/gpio.c.obj
 .debug_aranges
                0x00000980       0x68 CMakeFiles/STM_Link.dir/Core/Src/stm32f1xx_it.c.obj
 .debug_aranges
                0x000009e8       0x20 CMakeFiles/STM_Link.dir/Core/Src/stm32f1xx_hal_msp.c.obj
 .debug_aranges
                0x00000a08       0x28 CMakeFiles/STM_Link.dir/startup_stm32f103xb.s.obj
 .debug_aranges
                0x00000a30       0x20 CMakeFiles/STM_Link.dir/Source/Src/sys.cpp.obj
 .debug_aranges
                0x00000a50       0x20 CMakeFiles/STM_Link.dir/Source/Src/xx.c.obj

.debug_rnglists
                0x00000000      0x78c
 .debug_rnglists
                0x00000000       0x1a cmake/stm32cubemx/CMakeFiles/STM32_Drivers.dir/__/__/Core/Src/system_stm32f1xx.c.obj
 .debug_rnglists
                0x0000001a       0xf4 cmake/stm32cubemx/CMakeFiles/STM32_Drivers.dir/__/__/Drivers/STM32F1xx_HAL_Driver/Src/stm32f1xx_hal_pcd.c.obj
 .debug_rnglists
                0x0000010e       0x26 cmake/stm32cubemx/CMakeFiles/STM32_Drivers.dir/__/__/Drivers/STM32F1xx_HAL_Driver/Src/stm32f1xx_hal_pcd_ex.c.obj
 .debug_rnglists
                0x00000134       0xbd cmake/stm32cubemx/CMakeFiles/STM32_Drivers.dir/__/__/Drivers/STM32F1xx_HAL_Driver/Src/stm32f1xx_ll_usb.c.obj
 .debug_rnglists
                0x000001f1       0xa3 cmake/stm32cubemx/CMakeFiles/STM32_Drivers.dir/__/__/Drivers/STM32F1xx_HAL_Driver/Src/stm32f1xx_hal.c.obj
 .debug_rnglists
                0x00000294       0x6c cmake/stm32cubemx/CMakeFiles/STM32_Drivers.dir/__/__/Drivers/STM32F1xx_HAL_Driver/Src/stm32f1xx_hal_rcc.c.obj
 .debug_rnglists
                0x00000300       0x21 cmake/stm32cubemx/CMakeFiles/STM32_Drivers.dir/__/__/Drivers/STM32F1xx_HAL_Driver/Src/stm32f1xx_hal_rcc_ex.c.obj
 .debug_rnglists
                0x00000321       0xbb cmake/stm32cubemx/CMakeFiles/STM32_Drivers.dir/__/__/Drivers/STM32F1xx_HAL_Driver/Src/stm32f1xx_hal_cortex.c.obj
 .debug_rnglists
                0x000003dc       0x89 cmake/stm32cubemx/CMakeFiles/USB_Device_Library.dir/__/__/Middlewares/ST/STM32_USB_Device_Library/Core/Src/usbd_core.c.obj
 .debug_rnglists
                0x00000465       0x68 cmake/stm32cubemx/CMakeFiles/USB_Device_Library.dir/__/__/Middlewares/ST/STM32_USB_Device_Library/Core/Src/usbd_ctlreq.c.obj
 .debug_rnglists
                0x000004cd       0x37 cmake/stm32cubemx/CMakeFiles/USB_Device_Library.dir/__/__/Middlewares/ST/STM32_USB_Device_Library/Core/Src/usbd_ioreq.c.obj
 .debug_rnglists
                0x00000504       0x6a cmake/stm32cubemx/CMakeFiles/USB_Device_Library.dir/__/__/Middlewares/ST/STM32_USB_Device_Library/Class/CDC/Src/usbd_cdc.c.obj
 .debug_rnglists
                0x0000056e       0xce CMakeFiles/STM_Link.dir/USB_DEVICE/Target/usbd_conf.c.obj
 .debug_rnglists
                0x0000063c       0x13 CMakeFiles/STM_Link.dir/USB_DEVICE/App/usb_device.c.obj
 .debug_rnglists
                0x0000064f       0x43 CMakeFiles/STM_Link.dir/USB_DEVICE/App/usbd_desc.c.obj
 .debug_rnglists
                0x00000692       0x2c CMakeFiles/STM_Link.dir/USB_DEVICE/App/usbd_cdc_if.c.obj
 .debug_rnglists
                0x000006be       0x20 CMakeFiles/STM_Link.dir/Core/Src/main.c.obj
 .debug_rnglists
                0x000006de       0x13 CMakeFiles/STM_Link.dir/Core/Src/gpio.c.obj
 .debug_rnglists
                0x000006f1       0x49 CMakeFiles/STM_Link.dir/Core/Src/stm32f1xx_it.c.obj
 .debug_rnglists
                0x0000073a       0x13 CMakeFiles/STM_Link.dir/Core/Src/stm32f1xx_hal_msp.c.obj
 .debug_rnglists
                0x0000074d       0x19 CMakeFiles/STM_Link.dir/startup_stm32f103xb.s.obj
 .debug_rnglists
                0x00000766       0x13 CMakeFiles/STM_Link.dir/Source/Src/sys.cpp.obj
 .debug_rnglists
                0x00000779       0x13 CMakeFiles/STM_Link.dir/Source/Src/xx.c.obj

.debug_macro    0x00000000    0x1e7d1
 .debug_macro   0x00000000      0x1a8 cmake/stm32cubemx/CMakeFiles/STM32_Drivers.dir/__/__/Core/Src/system_stm32f1xx.c.obj
 .debug_macro   0x000001a8      0xacc cmake/stm32cubemx/CMakeFiles/STM32_Drivers.dir/__/__/Core/Src/system_stm32f1xx.c.obj
 .debug_macro   0x00000c74       0x2e cmake/stm32cubemx/CMakeFiles/STM32_Drivers.dir/__/__/Core/Src/system_stm32f1xx.c.obj
 .debug_macro   0x00000ca2       0x22 cmake/stm32cubemx/CMakeFiles/STM32_Drivers.dir/__/__/Core/Src/system_stm32f1xx.c.obj
 .debug_macro   0x00000cc4       0x22 cmake/stm32cubemx/CMakeFiles/STM32_Drivers.dir/__/__/Core/Src/system_stm32f1xx.c.obj
 .debug_macro   0x00000ce6       0x8e cmake/stm32cubemx/CMakeFiles/STM32_Drivers.dir/__/__/Core/Src/system_stm32f1xx.c.obj
 .debug_macro   0x00000d74       0x51 cmake/stm32cubemx/CMakeFiles/STM32_Drivers.dir/__/__/Core/Src/system_stm32f1xx.c.obj
 .debug_macro   0x00000dc5      0x103 cmake/stm32cubemx/CMakeFiles/STM32_Drivers.dir/__/__/Core/Src/system_stm32f1xx.c.obj
 .debug_macro   0x00000ec8       0x6a cmake/stm32cubemx/CMakeFiles/STM32_Drivers.dir/__/__/Core/Src/system_stm32f1xx.c.obj
 .debug_macro   0x00000f32      0x1df cmake/stm32cubemx/CMakeFiles/STM32_Drivers.dir/__/__/Core/Src/system_stm32f1xx.c.obj
 .debug_macro   0x00001111       0x1c cmake/stm32cubemx/CMakeFiles/STM32_Drivers.dir/__/__/Core/Src/system_stm32f1xx.c.obj
 .debug_macro   0x0000112d       0x22 cmake/stm32cubemx/CMakeFiles/STM32_Drivers.dir/__/__/Core/Src/system_stm32f1xx.c.obj
 .debug_macro   0x0000114f       0xbd cmake/stm32cubemx/CMakeFiles/STM32_Drivers.dir/__/__/Core/Src/system_stm32f1xx.c.obj
 .debug_macro   0x0000120c      0xd23 cmake/stm32cubemx/CMakeFiles/STM32_Drivers.dir/__/__/Core/Src/system_stm32f1xx.c.obj
 .debug_macro   0x00001f2f     0xe09e cmake/stm32cubemx/CMakeFiles/STM32_Drivers.dir/__/__/Core/Src/system_stm32f1xx.c.obj
 .debug_macro   0x0000ffcd       0x6d cmake/stm32cubemx/CMakeFiles/STM32_Drivers.dir/__/__/Core/Src/system_stm32f1xx.c.obj
 .debug_macro   0x0001003a      0x215 cmake/stm32cubemx/CMakeFiles/STM32_Drivers.dir/__/__/Core/Src/system_stm32f1xx.c.obj
 .debug_macro   0x0001024f     0x34a2 cmake/stm32cubemx/CMakeFiles/STM32_Drivers.dir/__/__/Core/Src/system_stm32f1xx.c.obj
 .debug_macro   0x000136f1      0x190 cmake/stm32cubemx/CMakeFiles/STM32_Drivers.dir/__/__/Core/Src/system_stm32f1xx.c.obj
 .debug_macro   0x00013881       0x5c cmake/stm32cubemx/CMakeFiles/STM32_Drivers.dir/__/__/Core/Src/system_stm32f1xx.c.obj
 .debug_macro   0x000138dd      0x5bc cmake/stm32cubemx/CMakeFiles/STM32_Drivers.dir/__/__/Core/Src/system_stm32f1xx.c.obj
 .debug_macro   0x00013e99      0x289 cmake/stm32cubemx/CMakeFiles/STM32_Drivers.dir/__/__/Core/Src/system_stm32f1xx.c.obj
 .debug_macro   0x00014122      0x1cb cmake/stm32cubemx/CMakeFiles/STM32_Drivers.dir/__/__/Core/Src/system_stm32f1xx.c.obj
 .debug_macro   0x000142ed      0x114 cmake/stm32cubemx/CMakeFiles/STM32_Drivers.dir/__/__/Core/Src/system_stm32f1xx.c.obj
 .debug_macro   0x00014401      0x1b2 cmake/stm32cubemx/CMakeFiles/STM32_Drivers.dir/__/__/Core/Src/system_stm32f1xx.c.obj
 .debug_macro   0x000145b3       0x27 cmake/stm32cubemx/CMakeFiles/STM32_Drivers.dir/__/__/Core/Src/system_stm32f1xx.c.obj
 .debug_macro   0x000145da      0x136 cmake/stm32cubemx/CMakeFiles/STM32_Drivers.dir/__/__/Core/Src/system_stm32f1xx.c.obj
 .debug_macro   0x00014710      0x1bc cmake/stm32cubemx/CMakeFiles/STM32_Drivers.dir/__/__/Core/Src/system_stm32f1xx.c.obj
 .debug_macro   0x000148cc       0x34 cmake/stm32cubemx/CMakeFiles/STM32_Drivers.dir/__/__/Core/Src/system_stm32f1xx.c.obj
 .debug_macro   0x00014900       0x3c cmake/stm32cubemx/CMakeFiles/STM32_Drivers.dir/__/__/Core/Src/system_stm32f1xx.c.obj
 .debug_macro   0x0001493c       0x57 cmake/stm32cubemx/CMakeFiles/STM32_Drivers.dir/__/__/Core/Src/system_stm32f1xx.c.obj
 .debug_macro   0x00014993       0x87 cmake/stm32cubemx/CMakeFiles/STM32_Drivers.dir/__/__/Core/Src/system_stm32f1xx.c.obj
 .debug_macro   0x00014a1a      0x240 cmake/stm32cubemx/CMakeFiles/STM32_Drivers.dir/__/__/Core/Src/system_stm32f1xx.c.obj
 .debug_macro   0x00014c5a      0x140 cmake/stm32cubemx/CMakeFiles/STM32_Drivers.dir/__/__/Core/Src/system_stm32f1xx.c.obj
 .debug_macro   0x00014d9a       0xb7 cmake/stm32cubemx/CMakeFiles/STM32_Drivers.dir/__/__/Core/Src/system_stm32f1xx.c.obj
 .debug_macro   0x00014e51      0x242 cmake/stm32cubemx/CMakeFiles/STM32_Drivers.dir/__/__/Core/Src/system_stm32f1xx.c.obj
 .debug_macro   0x00015093       0x83 cmake/stm32cubemx/CMakeFiles/STM32_Drivers.dir/__/__/Core/Src/system_stm32f1xx.c.obj
 .debug_macro   0x00015116      0x1b4 cmake/stm32cubemx/CMakeFiles/STM32_Drivers.dir/__/__/Drivers/STM32F1xx_HAL_Driver/Src/stm32f1xx_hal_pcd.c.obj
 .debug_macro   0x000152ca      0x1a8 cmake/stm32cubemx/CMakeFiles/STM32_Drivers.dir/__/__/Drivers/STM32F1xx_HAL_Driver/Src/stm32f1xx_hal_pcd_ex.c.obj
 .debug_macro   0x00015472      0x1a8 cmake/stm32cubemx/CMakeFiles/STM32_Drivers.dir/__/__/Drivers/STM32F1xx_HAL_Driver/Src/stm32f1xx_ll_usb.c.obj
 .debug_macro   0x0001561a      0x1cc cmake/stm32cubemx/CMakeFiles/STM32_Drivers.dir/__/__/Drivers/STM32F1xx_HAL_Driver/Src/stm32f1xx_hal.c.obj
 .debug_macro   0x000157e6      0x1ba cmake/stm32cubemx/CMakeFiles/STM32_Drivers.dir/__/__/Drivers/STM32F1xx_HAL_Driver/Src/stm32f1xx_hal_rcc.c.obj
 .debug_macro   0x000159a0      0x1a8 cmake/stm32cubemx/CMakeFiles/STM32_Drivers.dir/__/__/Drivers/STM32F1xx_HAL_Driver/Src/stm32f1xx_hal_rcc_ex.c.obj
 .debug_macro   0x00015b48      0x1a8 cmake/stm32cubemx/CMakeFiles/STM32_Drivers.dir/__/__/Drivers/STM32F1xx_HAL_Driver/Src/stm32f1xx_hal_cortex.c.obj
 .debug_macro   0x00015cf0      0x314 cmake/stm32cubemx/CMakeFiles/USB_Device_Library.dir/__/__/Middlewares/ST/STM32_USB_Device_Library/Core/Src/usbd_core.c.obj
 .debug_macro   0x00016004       0x75 cmake/stm32cubemx/CMakeFiles/USB_Device_Library.dir/__/__/Middlewares/ST/STM32_USB_Device_Library/Core/Src/usbd_core.c.obj
 .debug_macro   0x00016079       0x24 cmake/stm32cubemx/CMakeFiles/USB_Device_Library.dir/__/__/Middlewares/ST/STM32_USB_Device_Library/Core/Src/usbd_core.c.obj
 .debug_macro   0x0001609d       0x94 cmake/stm32cubemx/CMakeFiles/USB_Device_Library.dir/__/__/Middlewares/ST/STM32_USB_Device_Library/Core/Src/usbd_core.c.obj
 .debug_macro   0x00016131       0x3c cmake/stm32cubemx/CMakeFiles/USB_Device_Library.dir/__/__/Middlewares/ST/STM32_USB_Device_Library/Core/Src/usbd_core.c.obj
 .debug_macro   0x0001616d       0x34 cmake/stm32cubemx/CMakeFiles/USB_Device_Library.dir/__/__/Middlewares/ST/STM32_USB_Device_Library/Core/Src/usbd_core.c.obj
 .debug_macro   0x000161a1       0x16 cmake/stm32cubemx/CMakeFiles/USB_Device_Library.dir/__/__/Middlewares/ST/STM32_USB_Device_Library/Core/Src/usbd_core.c.obj
 .debug_macro   0x000161b7       0x57 cmake/stm32cubemx/CMakeFiles/USB_Device_Library.dir/__/__/Middlewares/ST/STM32_USB_Device_Library/Core/Src/usbd_core.c.obj
 .debug_macro   0x0001620e       0x9e cmake/stm32cubemx/CMakeFiles/USB_Device_Library.dir/__/__/Middlewares/ST/STM32_USB_Device_Library/Core/Src/usbd_core.c.obj
 .debug_macro   0x000162ac      0x364 cmake/stm32cubemx/CMakeFiles/USB_Device_Library.dir/__/__/Middlewares/ST/STM32_USB_Device_Library/Core/Src/usbd_core.c.obj
 .debug_macro   0x00016610      0x112 cmake/stm32cubemx/CMakeFiles/USB_Device_Library.dir/__/__/Middlewares/ST/STM32_USB_Device_Library/Core/Src/usbd_core.c.obj
 .debug_macro   0x00016722       0x10 cmake/stm32cubemx/CMakeFiles/USB_Device_Library.dir/__/__/Middlewares/ST/STM32_USB_Device_Library/Core/Src/usbd_core.c.obj
 .debug_macro   0x00016732       0x16 cmake/stm32cubemx/CMakeFiles/USB_Device_Library.dir/__/__/Middlewares/ST/STM32_USB_Device_Library/Core/Src/usbd_core.c.obj
 .debug_macro   0x00016748       0x4a cmake/stm32cubemx/CMakeFiles/USB_Device_Library.dir/__/__/Middlewares/ST/STM32_USB_Device_Library/Core/Src/usbd_core.c.obj
 .debug_macro   0x00016792       0x34 cmake/stm32cubemx/CMakeFiles/USB_Device_Library.dir/__/__/Middlewares/ST/STM32_USB_Device_Library/Core/Src/usbd_core.c.obj
 .debug_macro   0x000167c6       0x10 cmake/stm32cubemx/CMakeFiles/USB_Device_Library.dir/__/__/Middlewares/ST/STM32_USB_Device_Library/Core/Src/usbd_core.c.obj
 .debug_macro   0x000167d6       0x58 cmake/stm32cubemx/CMakeFiles/USB_Device_Library.dir/__/__/Middlewares/ST/STM32_USB_Device_Library/Core/Src/usbd_core.c.obj
 .debug_macro   0x0001682e      0x1e5 cmake/stm32cubemx/CMakeFiles/USB_Device_Library.dir/__/__/Middlewares/ST/STM32_USB_Device_Library/Core/Src/usbd_core.c.obj
 .debug_macro   0x00016a13       0x16 cmake/stm32cubemx/CMakeFiles/USB_Device_Library.dir/__/__/Middlewares/ST/STM32_USB_Device_Library/Core/Src/usbd_core.c.obj
 .debug_macro   0x00016a29       0x16 cmake/stm32cubemx/CMakeFiles/USB_Device_Library.dir/__/__/Middlewares/ST/STM32_USB_Device_Library/Core/Src/usbd_core.c.obj
 .debug_macro   0x00016a3f      0x170 cmake/stm32cubemx/CMakeFiles/USB_Device_Library.dir/__/__/Middlewares/ST/STM32_USB_Device_Library/Core/Src/usbd_core.c.obj
 .debug_macro   0x00016baf       0x16 cmake/stm32cubemx/CMakeFiles/USB_Device_Library.dir/__/__/Middlewares/ST/STM32_USB_Device_Library/Core/Src/usbd_core.c.obj
 .debug_macro   0x00016bc5       0x3c cmake/stm32cubemx/CMakeFiles/USB_Device_Library.dir/__/__/Middlewares/ST/STM32_USB_Device_Library/Core/Src/usbd_core.c.obj
 .debug_macro   0x00016c01       0x16 cmake/stm32cubemx/CMakeFiles/USB_Device_Library.dir/__/__/Middlewares/ST/STM32_USB_Device_Library/Core/Src/usbd_core.c.obj
 .debug_macro   0x00016c17       0x29 cmake/stm32cubemx/CMakeFiles/USB_Device_Library.dir/__/__/Middlewares/ST/STM32_USB_Device_Library/Core/Src/usbd_core.c.obj
 .debug_macro   0x00016c40       0x16 cmake/stm32cubemx/CMakeFiles/USB_Device_Library.dir/__/__/Middlewares/ST/STM32_USB_Device_Library/Core/Src/usbd_core.c.obj
 .debug_macro   0x00016c56       0x56 cmake/stm32cubemx/CMakeFiles/USB_Device_Library.dir/__/__/Middlewares/ST/STM32_USB_Device_Library/Core/Src/usbd_core.c.obj
 .debug_macro   0x00016cac       0x5f cmake/stm32cubemx/CMakeFiles/USB_Device_Library.dir/__/__/Middlewares/ST/STM32_USB_Device_Library/Core/Src/usbd_core.c.obj
 .debug_macro   0x00016d0b      0x1ce cmake/stm32cubemx/CMakeFiles/USB_Device_Library.dir/__/__/Middlewares/ST/STM32_USB_Device_Library/Core/Src/usbd_core.c.obj
 .debug_macro   0x00016ed9      0x31e cmake/stm32cubemx/CMakeFiles/USB_Device_Library.dir/__/__/Middlewares/ST/STM32_USB_Device_Library/Core/Src/usbd_ctlreq.c.obj
 .debug_macro   0x000171f7      0x1c8 cmake/stm32cubemx/CMakeFiles/USB_Device_Library.dir/__/__/Middlewares/ST/STM32_USB_Device_Library/Core/Src/usbd_ctlreq.c.obj
 .debug_macro   0x000173bf      0x31a cmake/stm32cubemx/CMakeFiles/USB_Device_Library.dir/__/__/Middlewares/ST/STM32_USB_Device_Library/Core/Src/usbd_ioreq.c.obj
 .debug_macro   0x000176d9      0x32d cmake/stm32cubemx/CMakeFiles/USB_Device_Library.dir/__/__/Middlewares/ST/STM32_USB_Device_Library/Class/CDC/Src/usbd_cdc.c.obj
 .debug_macro   0x00017a06       0x8f cmake/stm32cubemx/CMakeFiles/USB_Device_Library.dir/__/__/Middlewares/ST/STM32_USB_Device_Library/Class/CDC/Src/usbd_cdc.c.obj
 .debug_macro   0x00017a95      0x337 CMakeFiles/STM_Link.dir/USB_DEVICE/Target/usbd_conf.c.obj
 .debug_macro   0x00017dcc       0x7b CMakeFiles/STM_Link.dir/USB_DEVICE/Target/usbd_conf.c.obj
 .debug_macro   0x00017e47      0x353 CMakeFiles/STM_Link.dir/USB_DEVICE/App/usb_device.c.obj
 .debug_macro   0x0001819a       0x22 CMakeFiles/STM_Link.dir/USB_DEVICE/App/usb_device.c.obj
 .debug_macro   0x000181bc       0x16 CMakeFiles/STM_Link.dir/USB_DEVICE/App/usb_device.c.obj
 .debug_macro   0x000181d2      0x351 CMakeFiles/STM_Link.dir/USB_DEVICE/App/usbd_desc.c.obj
 .debug_macro   0x00018523       0x1c CMakeFiles/STM_Link.dir/USB_DEVICE/App/usbd_desc.c.obj
 .debug_macro   0x0001853f      0x338 CMakeFiles/STM_Link.dir/USB_DEVICE/App/usbd_cdc_if.c.obj
 .debug_macro   0x00018877       0x10 CMakeFiles/STM_Link.dir/USB_DEVICE/App/usbd_cdc_if.c.obj
 .debug_macro   0x00018887      0x31a CMakeFiles/STM_Link.dir/Core/Src/main.c.obj
 .debug_macro   0x00018ba1      0x1bc CMakeFiles/STM_Link.dir/Core/Src/gpio.c.obj
 .debug_macro   0x00018d5d      0x1bc CMakeFiles/STM_Link.dir/Core/Src/stm32f1xx_it.c.obj
 .debug_macro   0x00018f19      0x1b2 CMakeFiles/STM_Link.dir/Core/Src/stm32f1xx_hal_msp.c.obj
 .debug_macro   0x000190cb      0x486 CMakeFiles/STM_Link.dir/Source/Src/sys.cpp.obj
 .debug_macro   0x00019551      0xc0a CMakeFiles/STM_Link.dir/Source/Src/sys.cpp.obj